BL51 BANKED LINKER/LOCATER V6.22.4.0                                                    11/11/2025  23:18:54  PAGE 1


BL51 BANKED LINKER/LOCATER V6.22.4.0, INVOKED BY:
D:\KEIL5\C51\BIN\BL51.EXE .\Objects\task.obj, .\Objects\system.obj, .\Objects\user_pwm.obj, .\Objects\user_soft_iic.obj,
>>  .\Objects\user_spi.obj, .\Objects\user_uart.obj, .\Objects\user_math.obj, .\Objects\motor.obj, .\Objects\motion_cont
>> rol.obj, .\Objects\main.obj, .\Objects\timer.obj, .\Objects\uart.obj, .\Objects\spi.obj TO .\Objects\Car PRINT (.\Lis
>> tings\Car.m51) RAMSIZE (256) DISABLEWARNING (16)


MEMORY MODEL: LARGE WITH FLOATING POINT ARITHMETIC


INPUT MODULES INCLUDED:
  .\Objects\task.obj (TASK)
  .\Objects\system.obj (SYSTEM)
  .\Objects\user_pwm.obj (USER_PWM)
  .\Objects\user_soft_iic.obj (USER_SOFT_IIC)
  .\Objects\user_spi.obj (USER_SPI)
  .\Objects\user_uart.obj (USER_UART)
  .\Objects\user_math.obj (USER_MATH)
  .\Objects\motor.obj (MOTOR)
  .\Objects\motion_control.obj (MOTION_CONTROL)
  .\Objects\main.obj (MAIN)
  .\Objects\timer.obj (TIMER)
  .\Objects\uart.obj (UART)
  .\Objects\spi.obj (SPI)
  D:\KEIL5\C51\LIB\C51FPL.LIB (?C?FPADD)
  D:\KEIL5\C51\LIB\C51FPL.LIB (?C?FPMUL)
  D:\KEIL5\C51\LIB\C51FPL.LIB (?C?FPDIV)
  D:\KEIL5\C51\LIB\C51FPL.LIB (?C?FPCMP)
  D:\KEIL5\C51\LIB\C51FPL.LIB (?C?FPNEG)
  D:\KEIL5\C51\LIB\C51FPL.LIB (?C?FCAST)
  D:\KEIL5\C51\LIB\C51FPL.LIB (?C?CASTF)
  D:\KEIL5\C51\LIB\C51FPL.LIB (SQRT)
  D:\KEIL5\C51\LIB\C51FPL.LIB (VSPRINTF)
  D:\KEIL5\C51\LIB\C51FPL.LIB (?C?FPGETOPN)
  D:\KEIL5\C51\LIB\C51FPL.LIB (PRINTF)
  D:\KEIL5\C51\LIB\C51FPL.LIB (?C?FPROUND)
  D:\KEIL5\C51\LIB\C51FPL.LIB (?C?FPCONVERT)
  D:\KEIL5\C51\LIB\C51FPL.LIB (?C?FTNPWR)
  D:\KEIL5\C51\LIB\C51L.LIB (?C_STARTUP)
  D:\KEIL5\C51\LIB\C51L.LIB (?C?COPY)
  D:\KEIL5\C51\LIB\C51L.LIB (?C?CLDPTR)
  D:\KEIL5\C51\LIB\C51L.LIB (?C?CLDOPTR)
  D:\KEIL5\C51\LIB\C51L.LIB (?C?CILDOPTR)
  D:\KEIL5\C51\LIB\C51L.LIB (?C?CSTPTR)
  D:\KEIL5\C51\LIB\C51L.LIB (?C?CSTOPTR)
  D:\KEIL5\C51\LIB\C51L.LIB (?C?IILDX)
  D:\KEIL5\C51\LIB\C51L.LIB (?C?LNEG)
  D:\KEIL5\C51\LIB\C51L.LIB (?C?LLDPTR)
  D:\KEIL5\C51\LIB\C51L.LIB (?C?LLDOPTR)
  D:\KEIL5\C51\LIB\C51L.LIB (?C?LSTPTR)
  D:\KEIL5\C51\LIB\C51L.LIB (?C?LSTOPTR)
  D:\KEIL5\C51\LIB\C51L.LIB (?C?LLDXDATA)
  D:\KEIL5\C51\LIB\C51L.LIB (?C?LLDPTR0)
  D:\KEIL5\C51\LIB\C51L.LIB (?C?LLDOPTR0)
  D:\KEIL5\C51\LIB\C51L.LIB (?C?LSTXDATA)
  D:\KEIL5\C51\LIB\C51L.LIB (?C?LSTKPTR)
  D:\KEIL5\C51\LIB\C51L.LIB (?C?LSTKOPTR)
  D:\KEIL5\C51\LIB\C51L.LIB (?C?PLDIXDATA)
BL51 BANKED LINKER/LOCATER V6.22.4.0                                                  11/11/2025  23:18:54  PAGE 2


  D:\KEIL5\C51\LIB\C51L.LIB (?C?PSTXDATA)
  D:\KEIL5\C51\LIB\C51L.LIB (?C?PLDOPTR)
  D:\KEIL5\C51\LIB\C51L.LIB (?C?CCASE)
  D:\KEIL5\C51\LIB\C51L.LIB (?C?ICALL)
  D:\KEIL5\C51\LIB\C51L.LIB (PUTCHAR)
  D:\KEIL5\C51\LIB\C51L.LIB (STRLEN)
  D:\KEIL5\C51\LIB\C51L.LIB (?C_INIT)
  D:\KEIL5\C51\LIB\C51L.LIB (?C?LLDIDATA)
  D:\KEIL5\C51\LIB\C51L.LIB (?C?LLDPDATA)
  D:\KEIL5\C51\LIB\C51L.LIB (?C?LLDCODE)
  D:\KEIL5\C51\LIB\C51L.LIB (?C?LLDIDATA0)
  D:\KEIL5\C51\LIB\C51L.LIB (?C?LLDXDATA0)
  D:\KEIL5\C51\LIB\C51L.LIB (?C?LLDPDATA0)
  D:\KEIL5\C51\LIB\C51L.LIB (?C?LLDCODE0)
  D:\KEIL5\C51\LIB\C51L.LIB (?C?LSTIDATA)
  D:\KEIL5\C51\LIB\C51L.LIB (?C?LSTPDATA)
  D:\KEIL5\C51\LIB\C51L.LIB (?C?LSTKIDATA)
  D:\KEIL5\C51\LIB\C51L.LIB (?C?LSTKXDATA)
  D:\KEIL5\C51\LIB\C51L.LIB (?C?LSTKPDATA)
  D:\KEIL5\C51\LIB\C51L.LIB (?C?PLDIDATA)
  D:\KEIL5\C51\LIB\C51L.LIB (?C?PLDXDATA)
  D:\KEIL5\C51\LIB\C51L.LIB (?C?PLDPDATA)
  D:\KEIL5\C51\LIB\C51L.LIB (?C?PLDCODE)


LINK MAP OF MODULE:  .\Objects\Car (TASK)


            TYPE    BASE      LENGTH    RELOCATION   SEGMENT NAME
            -----------------------------------------------------

            * * * * * * *   D A T A   M E M O R Y   * * * * * * *
            REG     0000H     0008H     ABSOLUTE     "REG BANK 0"
            DATA    0008H     0005H     UNIT         ?DT?PRINTF?PRINTF
                    000DH     0013H                  *** GAP ***
            BIT     0020H.0   0001H.1   UNIT         ?BI?PRINTF?PRINTF
                    0021H.1   0000H.7                *** GAP ***
            IDATA   0022H     0001H     UNIT         ?STACK

            * * * * * * *  X D A T A   M E M O R Y  * * * * * * *
            XDATA   0000H     010FH     UNIT         ?XD?SYSTEM
            XDATA   010FH     0030H     UNIT         ?XD?PRINTF?PRINTF
            XDATA   013FH     002EH     UNIT         ?XD?_USER_PRINTF?SYSTEM
            XDATA   016DH     0026H     UNIT         _XDATA_GROUP_
            XDATA   0193H     0014H     UNIT         ?XD?_WEIGHT_ANG?USER_MATH
            XDATA   01A7H     0014H     UNIT         ?XD?_GET_DIST?USER_MATH
            XDATA   01BBH     000FH     UNIT         ?XD?TASK
            XDATA   01CAH     000AH     UNIT         ?XD?_CAR_SPEEDTRANSFORM?MOTOR
            XDATA   01D4H     0007H     UNIT         ?XD?_IIC_MEMWRITE?USER_SOFT_IIC
            XDATA   01DBH     0006H     UNIT         ?XD?_VSPRINTF?VSPRINTF
            XDATA   01E1H     0004H     UNIT         ?XD?SQRT?SQRT
            XDATA   01E5H     0003H     UNIT         ?XD?_UART_RECV_HANDLER?SYSTEM
            XDATA   01E8H     0003H     UNIT         ?XD?_UART_SEND_START?USER_UART
            XDATA   01EBH     0003H     UNIT         ?XD?_UART_RECV_TASK_5MS?USER_UART
            XDATA   01EEH     0003H     UNIT         ?XD?USER_UART
            XDATA   01F1H     0001H     UNIT         ?XD?MOTOR

BL51 BANKED LINKER/LOCATER V6.22.4.0                                                  11/11/2025  23:18:54  PAGE 3


            * * * * * * *   C O D E   M E M O R Y   * * * * * * *
            CODE    0000H     0003H     ABSOLUTE     
            CODE    0003H     0006H     UNIT         ?PR?MOTOR_GETSTATE?MOTOR
            CODE    0009H     0002H     UNIT         ?PR?IIC_DELAY?USER_SOFT_IIC
            CODE    000BH     0003H     ABSOLUTE     
            CODE    000EH     0015H     UNIT         ?PR?_STRLEN?STRLEN
            CODE    0023H     0003H     ABSOLUTE     
            CODE    0026H     0A10H     UNIT         ?C?LIB_CODE
            CODE    0A36H     04D2H     UNIT         ?PR?_CAR_SPEEDTRANSFORM?MOTOR
            CODE    0F08H     0483H     UNIT         ?PR?PRINTF?PRINTF
            CODE    138BH     0461H     UNIT         ?PR?_MOTOR_SPEEDUPDATE?MOTOR
            CODE    17ECH     01BEH     UNIT         ?PR?_WEIGHT_ANG?USER_MATH
            CODE    19AAH     0144H     UNIT         ?PR?_UART_RECV_ITHANDLER?USER_UART
            CODE    1AEEH     0120H     UNIT         ?PR?_UART_SEND_ITHANDLER?USER_UART
            CODE    1C0EH     00B4H     UNIT         ?PR?_UART_SEND_START?USER_UART
            CODE    1CC2H     00ACH     UNIT         ?PR?SQRT?SQRT
            CODE    1D6EH     0090H     UNIT         ?PR?TASKEXE?TASK
            CODE    1DFEH     008EH     UNIT         ?PR?USER_PWM_INIT?USER_PWM
            CODE    1E8CH     008CH     UNIT         ?C_C51STARTUP
            CODE    1F18H     0077H     UNIT         ?PR?_GET_DIST?USER_MATH
            CODE    1F8FH     0072H     UNIT         ?PR?_USER_PRINTF?SYSTEM
            CODE    2001H     0069H     UNIT         ?PR?_UART_RECV_TASK_5MS?USER_UART
            CODE    206AH     0054H     UNIT         ?PR?UART1_ISR?UART
            CODE    20BEH     004DH     UNIT         ?PR?_IIC_MEMWRITE?USER_SOFT_IIC
            CODE    210BH     004AH     UNIT         ?PR?_VSPRINTF?VSPRINTF
            CODE    2155H     0035H     UNIT         ?C_INITSEG
            CODE    218AH     0034H     UNIT         ?PR?MOTOR_TASK?MOTOR
            CODE    21BEH     0033H     UNIT         ?PR?SYS_INIT?MAIN
            CODE    21F1H     0029H     UNIT         ?PR?_USER_PWMA_SETWIDTH?USER_PWM
            CODE    221AH     0029H     UNIT         ?PR?_USER_PWMB_SETWIDTH?USER_PWM
            CODE    2243H     0029H     UNIT         ?PR?_USER_PWMC_SETWIDTH?USER_PWM
            CODE    226CH     0029H     UNIT         ?PR?_USER_PWMD_SETWIDTH?USER_PWM
            CODE    2295H     0027H     UNIT         ?PR?PUTCHAR?PUTCHAR
            CODE    22BCH     0021H     UNIT         ?PR?_IIC_SENDBYTE?USER_SOFT_IIC
            CODE    22DDH     001CH     UNIT         ?PR?IIC_RECEIVEBYTE?USER_SOFT_IIC
            CODE    22F9H     001CH     UNIT         ?CO?MOTOR
            CODE    2315H     001AH     UNIT         ?PR?UART1_INIT?UART
            CODE    232FH     0019H     UNIT         ?PR?TIMER0_INIT?TIMER
            CODE    2348H     0018H     UNIT         ?PR?_DELAY_US?MAIN
            CODE    2360H     0017H     UNIT         ?PR?_DELAY_MS?MAIN
            CODE    2377H     0016H     UNIT         ?PR?SPI_INIT?SPI
            CODE    238DH     0014H     UNIT         ?PR?_IIC_SENDACK?USER_SOFT_IIC
            CODE    23A1H     0013H     UNIT         ?PR?TIMER0_ISR?TIMER
            CODE    23B4H     0011H     UNIT         ?PR?IIC_WAITACK?USER_SOFT_IIC
            CODE    23C5H     0010H     UNIT         ?PR?MAIN?MAIN
            CODE    23D5H     0010H     UNIT         ?PR?TIMER2_INIT?TIMER
            CODE    23E5H     000FH     UNIT         ?PR?IIC_START?USER_SOFT_IIC
            CODE    23F4H     000EH     UNIT         ?PR?SPI_READBYTE?SPI
            CODE    2402H     000CH     UNIT         ?PR?_UART_RECV_HANDLER?SYSTEM
            CODE    240EH     000CH     UNIT         ?PR?IIC_STOP?USER_SOFT_IIC
            CODE    241AH     000CH     UNIT         ?PR?_UART_RECV_SETCB?USER_UART
            CODE    2426H     000BH     UNIT         ?PR?_SPI_WRITEBYTE?SPI
            CODE    2431H     0009H     UNIT         ?PR?PROJ_INIT?SYSTEM
            CODE    243AH     0006H     UNIT         ?PR?_MOTOR_SETSTATE?MOTOR
            CODE    2440H     0006H     UNIT         ?PR?LED_TASK?MAIN
            CODE    2446H     0003H     UNIT         ?PR?MOTOR_INIT?MOTOR

BL51 BANKED LINKER/LOCATER V6.22.4.0                                                  11/11/2025  23:18:54  PAGE 4




OVERLAY MAP OF MODULE:   .\Objects\Car (TASK)


SEGMENT                                      XDATA_GROUP
  +--> CALLED SEGMENT                      START    LENGTH
----------------------------------------------------------
?PR?UART1_ISR?UART                         -----    -----
  +--> ?PR?_UART_SEND_ITHANDLER?USER_UART
  +--> ?PR?_UART_RECV_ITHANDLER?USER_UART

?PR?_UART_SEND_ITHANDLER?USER_UART         016DH    0003H

?PR?_UART_RECV_ITHANDLER?USER_UART         016DH    0003H

*** NEW ROOT ***************************************************

?C_C51STARTUP                              -----    -----
  +--> ?PR?MAIN?MAIN
  +--> ?C_INITSEG

?PR?MAIN?MAIN                              -----    -----
  +--> ?PR?SYS_INIT?MAIN
  +--> ?PR?TASKEXE?TASK

?PR?SYS_INIT?MAIN                          -----    -----
  +--> ?PR?TIMER0_INIT?TIMER
  +--> ?PR?TIMER2_INIT?TIMER
  +--> ?PR?UART1_INIT?UART
  +--> ?PR?SPI_INIT?SPI

?PR?TASKEXE?TASK                           0170H    0001H

?C_INITSEG                                 -----    -----
  +--> ?PR?LED_TASK?MAIN
  +--> ?PR?MOTOR_TASK?MOTOR

?PR?MOTOR_TASK?MOTOR                       0170H    001CH
  +--> ?CO?MOTOR
  +--> ?PR?_MOTOR_SPEEDUPDATE?MOTOR

?PR?_MOTOR_SPEEDUPDATE?MOTOR               018CH    0007H
  +--> ?PR?_USER_PWMA_SETWIDTH?USER_PWM
  +--> ?PR?_USER_PWMB_SETWIDTH?USER_PWM
  +--> ?PR?_USER_PWMC_SETWIDTH?USER_PWM
  +--> ?PR?_USER_PWMD_SETWIDTH?USER_PWM



SYMBOL TABLE OF MODULE:  .\Objects\Car (TASK)

  VALUE           TYPE          NAME
  ----------------------------------

  -------         MODULE        TASK
  C:0000H         SYMBOL        _ICE_DUMMY_
BL51 BANKED LINKER/LOCATER V6.22.4.0                                                  11/11/2025  23:18:54  PAGE 5


  D:0080H         PUBLIC        P0
  D:0090H         PUBLIC        P1
  D:00A0H         PUBLIC        P2
  D:00B0H         PUBLIC        P3
  D:00C0H         PUBLIC        P4
  D:00C8H         PUBLIC        P5
  D:00E8H         PUBLIC        P6
  D:00F8H         PUBLIC        P7
  D:00A8H         PUBLIC        IE
  X:01BBH         PUBLIC        Task
  D:00B8H         PUBLIC        IP
  D:00D8H         PUBLIC        CCON
  D:0098H         PUBLIC        SCON
  D:0088H         PUBLIC        TCON
  X:01C9H         PUBLIC        TaskExeFlag
  C:1D6EH         PUBLIC        TaskExe
  D:00F0H         PUBLIC        B
  D:00E0H         PUBLIC        ACC
  D:00D0H         PUBLIC        PSW
  -------         PROC          TASKEXE
  -------         DO            
  X:0170H         SYMBOL        i
  -------         ENDDO         
  C:1D6EH         LINE#         24
  C:1D6EH         LINE#         25
  C:1D6EH         LINE#         26
  C:1D73H         LINE#         27
  C:1D73H         LINE#         28
  C:1D73H         LINE#         29
  C:1DA8H         LINE#         30
  C:1DA8H         LINE#         31
  C:1DBEH         LINE#         32
  C:1DD7H         LINE#         33
  C:1DD7H         LINE#         34
  C:1DEEH         LINE#         35
  C:1DEEH         LINE#         36
  C:1DEEH         LINE#         37
  C:1DFDH         LINE#         38
  -------         ENDPROC       TASKEXE
  -------         ENDMOD        TASK

  -------         MODULE        SYSTEM
  C:0000H         SYMBOL        _ICE_DUMMY_
  D:0080H         PUBLIC        P0
  X:0000H         PUBLIC        UART1_RecvBuf
  D:0090H         PUBLIC        P1
  D:00A0H         PUBLIC        P2
  D:00B0H         PUBLIC        P3
  D:00C0H         PUBLIC        P4
  D:00C8H         PUBLIC        P5
  D:00E8H         PUBLIC        P6
  D:00F8H         PUBLIC        P7
  D:00A8H         PUBLIC        IE
  C:2402H         SYMBOL        _uart_recv_handler
  D:00B8H         PUBLIC        IP
  D:00D8H         PUBLIC        CCON
  D:0098H         PUBLIC        SCON
BL51 BANKED LINKER/LOCATER V6.22.4.0                                                  11/11/2025  23:18:54  PAGE 6


  D:0088H         PUBLIC        TCON
  C:1F8FH         PUBLIC        _user_printf
  X:0080H         PUBLIC        uart1_rx
  X:0088H         PUBLIC        uart1_tx
  D:00F0H         PUBLIC        B
  D:00E0H         PUBLIC        ACC
  C:2431H         PUBLIC        proj_init
  X:008FH         PUBLIC        UART1_SendBuf
  D:00D0H         PUBLIC        PSW
  -------         PROC          PROJ_INIT
  C:2431H         LINE#         17
  C:2431H         LINE#         18
  C:2431H         LINE#         19
  -------         ENDPROC       PROJ_INIT
  -------         PROC          _UART_RECV_HANDLER
  X:01E5H         SYMBOL        recv
  C:2402H         LINE#         22
  C:240DH         LINE#         23
  C:240DH         LINE#         24
  C:240DH         LINE#         25
  C:240DH         LINE#         27
  C:240DH         LINE#         28
  -------         ENDPROC       _UART_RECV_HANDLER
  -------         PROC          _USER_PRINTF
  X:013FH         SYMBOL        f
  -------         DO            
  X:0142H         SYMBOL        ellipsis_40
  X:016AH         SYMBOL        args
  -------         ENDDO         
  C:1F8FH         LINE#         35
  C:1F9AH         LINE#         36
  C:1F9AH         LINE#         38
  C:1FA2H         LINE#         40
  C:1FB0H         LINE#         41
  C:1FE3H         LINE#         42
  C:1FECH         LINE#         43
  C:2000H         LINE#         44
  -------         ENDPROC       _USER_PRINTF
  -------         ENDMOD        SYSTEM

  -------         MODULE        USER_PWM
  C:0000H         SYMBOL        _ICE_DUMMY_
  D:0080H         PUBLIC        P0
  D:0090H         PUBLIC        P1
  D:00A0H         PUBLIC        P2
  D:00B0H         PUBLIC        P3
  D:00C0H         PUBLIC        P4
  D:00C8H         PUBLIC        P5
  D:00E8H         PUBLIC        P6
  D:00F8H         PUBLIC        P7
  D:00F5H         PUBLIC        PWMCR
  D:00A8H         PUBLIC        IE
  D:00B8H         PUBLIC        IP
  D:00D8H         PUBLIC        CCON
  B:00A0H.1       PUBLIC        P21
  B:00A0H.2       PUBLIC        P22
  D:0098H         PUBLIC        SCON
BL51 BANKED LINKER/LOCATER V6.22.4.0                                                  11/11/2025  23:18:54  PAGE 7


  B:00A0H.3       PUBLIC        P23
  D:0088H         PUBLIC        TCON
  B:00A0H.7       PUBLIC        P27
  D:00F0H         PUBLIC        B
  D:00F1H         PUBLIC        PWMCFG
  D:00E0H         PUBLIC        ACC
  C:21F1H         PUBLIC        _User_PWMA_SetWidth
  C:221AH         PUBLIC        _User_PWMB_SetWidth
  C:2243H         PUBLIC        _User_PWMC_SetWidth
  C:226CH         PUBLIC        _User_PWMD_SetWidth
  C:1DFEH         PUBLIC        User_PWM_Init
  D:00D0H         PUBLIC        PSW
  -------         PROC          USER_PWM_INIT
  C:1DFEH         LINE#         8
  C:1DFEH         LINE#         9
  C:1DFEH         LINE#         10
  C:1E00H         LINE#         11
  C:1E02H         LINE#         12
  C:1E04H         LINE#         13
  C:1E06H         LINE#         15
  C:1E09H         LINE#         17
  C:1E10H         LINE#         18
  C:1E16H         LINE#         19
  C:1E20H         LINE#         21
  C:1E27H         LINE#         22
  C:1E2AH         LINE#         23
  C:1E32H         LINE#         24
  C:1E37H         LINE#         25
  C:1E3AH         LINE#         27
  C:1E41H         LINE#         28
  C:1E44H         LINE#         29
  C:1E4CH         LINE#         30
  C:1E51H         LINE#         31
  C:1E54H         LINE#         33
  C:1E5BH         LINE#         34
  C:1E5EH         LINE#         35
  C:1E66H         LINE#         36
  C:1E6BH         LINE#         37
  C:1E6EH         LINE#         39
  C:1E75H         LINE#         40
  C:1E78H         LINE#         41
  C:1E80H         LINE#         42
  C:1E85H         LINE#         43
  C:1E88H         LINE#         45
  C:1E8BH         LINE#         46
  -------         ENDPROC       USER_PWM_INIT
  -------         PROC          _USER_PWMA_SETWIDTH
  D:0004H         SYMBOL        Width
  C:21F1H         LINE#         53
  C:21F5H         LINE#         54
  C:21F5H         LINE#         55
  C:21FEH         LINE#         56
  C:21FEH         LINE#         57
  C:2201H         LINE#         58
  C:2203H         LINE#         59
  C:2204H         LINE#         60
  C:2208H         LINE#         61
BL51 BANKED LINKER/LOCATER V6.22.4.0                                                  11/11/2025  23:18:54  PAGE 8


  C:2208H         LINE#         62
  C:220BH         LINE#         63
  C:220DH         LINE#         64
  C:220EH         LINE#         66
  C:220EH         LINE#         67
  C:2216H         LINE#         68
  C:2219H         LINE#         69
  C:2219H         LINE#         70
  -------         ENDPROC       _USER_PWMA_SETWIDTH
  -------         PROC          _USER_PWMB_SETWIDTH
  D:0004H         SYMBOL        Width
  C:221AH         LINE#         77
  C:221EH         LINE#         78
  C:221EH         LINE#         79
  C:2227H         LINE#         80
  C:2227H         LINE#         81
  C:222AH         LINE#         82
  C:222CH         LINE#         83
  C:222DH         LINE#         84
  C:2231H         LINE#         85
  C:2231H         LINE#         86
  C:2234H         LINE#         87
  C:2236H         LINE#         88
  C:2237H         LINE#         90
  C:2237H         LINE#         91
  C:223FH         LINE#         92
  C:2242H         LINE#         93
  C:2242H         LINE#         94
  -------         ENDPROC       _USER_PWMB_SETWIDTH
  -------         PROC          _USER_PWMC_SETWIDTH
  D:0004H         SYMBOL        Width
  C:2243H         LINE#         101
  C:2247H         LINE#         102
  C:2247H         LINE#         103
  C:2250H         LINE#         104
  C:2250H         LINE#         105
  C:2253H         LINE#         106
  C:2255H         LINE#         107
  C:2256H         LINE#         108
  C:225AH         LINE#         109
  C:225AH         LINE#         110
  C:225DH         LINE#         111
  C:225FH         LINE#         112
  C:2260H         LINE#         114
  C:2260H         LINE#         115
  C:2268H         LINE#         116
  C:226BH         LINE#         117
  C:226BH         LINE#         118
  -------         ENDPROC       _USER_PWMC_SETWIDTH
  -------         PROC          _USER_PWMD_SETWIDTH
  D:0004H         SYMBOL        Width
  C:226CH         LINE#         125
  C:2270H         LINE#         126
  C:2270H         LINE#         127
  C:2279H         LINE#         128
  C:2279H         LINE#         129
  C:227CH         LINE#         130
BL51 BANKED LINKER/LOCATER V6.22.4.0                                                  11/11/2025  23:18:54  PAGE 9


  C:227EH         LINE#         131
  C:227FH         LINE#         132
  C:2283H         LINE#         133
  C:2283H         LINE#         134
  C:2286H         LINE#         135
  C:2288H         LINE#         136
  C:2289H         LINE#         138
  C:2289H         LINE#         139
  C:2291H         LINE#         140
  C:2294H         LINE#         141
  C:2294H         LINE#         142
  -------         ENDPROC       _USER_PWMD_SETWIDTH
  -------         ENDMOD        USER_PWM

  -------         MODULE        USER_SOFT_IIC
  C:0000H         SYMBOL        _ICE_DUMMY_
  D:0080H         PUBLIC        P0
  D:0090H         PUBLIC        P1
  D:00A0H         PUBLIC        P2
  D:00B0H         PUBLIC        P3
  D:00C0H         PUBLIC        P4
  D:00C8H         PUBLIC        P5
  D:00E8H         PUBLIC        P6
  D:00F8H         PUBLIC        P7
  D:00A8H         PUBLIC        IE
  C:22DDH         SYMBOL        IIC_ReceiveByte
  D:00B8H         PUBLIC        IP
  D:00D8H         PUBLIC        CCON
  C:0009H         SYMBOL        IIC_Delay
  B:0080H.0       PUBLIC        P00
  D:0098H         PUBLIC        SCON
  D:0088H         PUBLIC        TCON
  D:00F0H         PUBLIC        B
  C:23E5H         SYMBOL        IIC_Start
  D:00E0H         PUBLIC        ACC
  C:238DH         SYMBOL        _IIC_SendAck
  C:22BCH         SYMBOL        _IIC_SendByte
  C:23B8H         SYMBOL        IIC_WaitAck
  C:240EH         SYMBOL        IIC_Stop
  C:20BEH         PUBLIC        _IIC_MemWrite
  D:00D0H         PUBLIC        PSW
  -------         PROC          IIC_DELAY
  C:0009H         LINE#         11
  C:0009H         LINE#         12
  C:0009H         LINE#         13
  C:000AH         LINE#         14
  -------         ENDPROC       IIC_DELAY
  -------         PROC          IIC_START
  C:23E5H         LINE#         16
  C:23E5H         LINE#         17
  C:23E5H         LINE#         18
  C:23E7H         LINE#         19
  C:23E9H         LINE#         20
  C:23ECH         LINE#         21
  C:23EEH         LINE#         22
  C:23F1H         LINE#         23
  C:23F3H         LINE#         24
BL51 BANKED LINKER/LOCATER V6.22.4.0                                                  11/11/2025  23:18:54  PAGE 10


  -------         ENDPROC       IIC_START
  -------         PROC          IIC_STOP
  C:240EH         LINE#         26
  C:240EH         LINE#         27
  C:240EH         LINE#         28
  C:2410H         LINE#         29
  C:2412H         LINE#         30
  C:2415H         LINE#         31
  C:2417H         LINE#         32
  -------         ENDPROC       IIC_STOP
  -------         PROC          _IIC_SENDBYTE
  D:0007H         SYMBOL        byte
  -------         DO            
  D:0006H         SYMBOL        i
  -------         ENDDO         
  C:22BCH         LINE#         35
  C:22BCH         LINE#         36
  C:22BCH         LINE#         37
  C:22BEH         LINE#         38
  C:22BEH         LINE#         39
  C:22BEH         LINE#         40
  C:22C0H         LINE#         41
  C:22C3H         LINE#         42
  C:22C7H         LINE#         43
  C:22CAH         LINE#         44
  C:22CCH         LINE#         45
  C:22D0H         LINE#         46
  C:22D3H         LINE#         47
  C:22D8H         LINE#         48
  C:22DAH         LINE#         49
  C:22DCH         LINE#         50
  -------         ENDPROC       _IIC_SENDBYTE
  -------         PROC          IIC_RECEIVEBYTE
  -------         DO            
  D:0007H         SYMBOL        byte
  D:0006H         SYMBOL        i
  -------         ENDDO         
  C:22DDH         LINE#         52
  C:22DDH         LINE#         53
  C:22DDH         LINE#         55
  C:22DFH         LINE#         56
  C:22DFH         LINE#         57
  C:22DFH         LINE#         58
  C:22E1H         LINE#         59
  C:22E4H         LINE#         60
  C:22E8H         LINE#         61
  C:22EEH         LINE#         62
  C:22F0H         LINE#         63
  C:22F3H         LINE#         64
  C:22F8H         LINE#         65
  C:22F8H         LINE#         66
  -------         ENDPROC       IIC_RECEIVEBYTE
  -------         PROC          L?0020
  -------         ENDPROC       L?0020
  -------         PROC          IIC_WAITACK
  -------         DO            
  D:0007H         SYMBOL        ackbit
BL51 BANKED LINKER/LOCATER V6.22.4.0                                                  11/11/2025  23:18:54  PAGE 11


  -------         ENDDO         
  C:23B8H         LINE#         68
  C:23B8H         LINE#         69
  C:23B8H         LINE#         72
  C:23BAH         LINE#         73
  C:23BDH         LINE#         74
  C:23C2H         LINE#         75
  C:23C4H         LINE#         77
  C:23C4H         LINE#         78
  -------         ENDPROC       IIC_WAITACK
  -------         PROC          _IIC_SENDACK
  D:0007H         SYMBOL        ackbit
  C:238DH         LINE#         80
  C:238DH         LINE#         81
  C:238DH         LINE#         82
  C:238FH         LINE#         83
  C:2394H         LINE#         84
  C:2397H         LINE#         85
  C:2399H         LINE#         86
  C:239CH         LINE#         87
  C:239EH         LINE#         88
  C:23A0H         LINE#         89
  -------         ENDPROC       _IIC_SENDACK
  -------         PROC          _IIC_MEMWRITE
  D:0007H         SYMBOL        DevAddr
  X:01D5H         SYMBOL        MemAddr
  X:01D6H         SYMBOL        pData
  X:01D9H         SYMBOL        Len
  -------         DO            
  D:0004H         SYMBOL        i
  -------         ENDDO         
  C:20BEH         LINE#         91
  C:20CCH         LINE#         92
  C:20CCH         LINE#         93
  C:20CFH         LINE#         95
  C:20D2H         LINE#         96
  C:20D5H         LINE#         97
  C:20D8H         LINE#         98
  C:20DCH         LINE#         99
  C:20DFH         LINE#         101
  C:20ECH         LINE#         102
  C:20ECH         LINE#         103
  C:20FEH         LINE#         104
  C:2101H         LINE#         105
  C:2108H         LINE#         107
  -------         ENDPROC       _IIC_MEMWRITE
  -------         ENDMOD        USER_SOFT_IIC

  -------         MODULE        USER_SPI
  C:0000H         SYMBOL        _ICE_DUMMY_
  D:0080H         PUBLIC        P0
  D:0090H         PUBLIC        P1
  D:00A0H         PUBLIC        P2
  D:00B0H         PUBLIC        P3
  D:00C0H         PUBLIC        P4
  D:00C8H         PUBLIC        P5
  D:00E8H         PUBLIC        P6
BL51 BANKED LINKER/LOCATER V6.22.4.0                                                  11/11/2025  23:18:54  PAGE 12


  D:00F8H         PUBLIC        P7
  D:00A8H         PUBLIC        IE
  D:00B8H         PUBLIC        IP
  D:00D8H         PUBLIC        CCON
  D:0098H         PUBLIC        SCON
  D:0088H         PUBLIC        TCON
  D:00F0H         PUBLIC        B
  D:00E0H         PUBLIC        ACC
  D:00D0H         PUBLIC        PSW
  -------         ENDMOD        USER_SPI

  -------         MODULE        USER_UART
  C:0000H         SYMBOL        _ICE_DUMMY_
  D:0080H         PUBLIC        P0
  D:0090H         PUBLIC        P1
  D:00A0H         PUBLIC        P2
  D:00B0H         PUBLIC        P3
  D:00C0H         PUBLIC        P4
  D:00C8H         PUBLIC        P5
  D:00E8H         PUBLIC        P6
  D:00F8H         PUBLIC        P7
  D:00A8H         PUBLIC        IE
  D:00B8H         PUBLIC        IP
  C:1C0EH         PUBLIC        _UART_Send_Start
  C:2001H         PUBLIC        _UART_Recv_Task_5ms
  D:00D8H         PUBLIC        CCON
  D:0099H         PUBLIC        SBUF
  D:0098H         PUBLIC        SCON
  D:0088H         PUBLIC        TCON
  D:00F0H         PUBLIC        B
  C:241AH         PUBLIC        _UART_Recv_SetCB
  D:00E0H         PUBLIC        ACC
  D:009BH         PUBLIC        S2BUF
  D:00ADH         PUBLIC        S3BUF
  D:0085H         PUBLIC        S4BUF
  C:1AEEH         PUBLIC        _UART_Send_ITHandler
  C:19AAH         PUBLIC        _UART_Recv_ITHandler
  X:01EEH         SYMBOL        uart_recv_cb
  D:00D0H         PUBLIC        PSW
  -------         PROC          _UART_SEND_START
  X:01E8H         SYMBOL        send
  D:0005H         SYMBOL        txSize
  C:1C0EH         LINE#         12
  C:1C19H         LINE#         13
  C:1C19H         LINE#         14
  C:1C31H         LINE#         15
  C:1C39H         LINE#         16
  C:1C4AH         LINE#         17
  C:1C4AH         LINE#         18
  C:1C62H         LINE#         19
  C:1C7AH         LINE#         20
  C:1C92H         LINE#         21
  C:1CA8H         LINE#         22
  C:1CA8H         LINE#         23
  C:1CA8H         LINE#         24
  C:1CBAH         LINE#         25
  C:1CC1H         LINE#         26
BL51 BANKED LINKER/LOCATER V6.22.4.0                                                  11/11/2025  23:18:54  PAGE 13


  -------         ENDPROC       _UART_SEND_START
  -------         PROC          _UART_SEND_ITHANDLER
  X:016DH         SYMBOL        send
  C:1AEEH         LINE#         33
  C:1AF9H         LINE#         34
  C:1AF9H         LINE#         35
  C:1B0CH         LINE#         36
  C:1B1EH         LINE#         37
  C:1B1EH         LINE#         38
  C:1B30H         LINE#         40
  C:1B30H         LINE#         42
  C:1B30H         LINE#         43
  C:1B52H         LINE#         44
  C:1B52H         LINE#         45
  C:1B63H         LINE#         46
  C:1B9CH         LINE#         47
  C:1BD5H         LINE#         48
  C:1C0DH         LINE#         49
  C:1C0DH         LINE#         50
  C:1C0DH         LINE#         51
  C:1C0DH         LINE#         52
  -------         ENDPROC       _UART_SEND_ITHANDLER
  -------         PROC          _UART_RECV_ITHANDLER
  X:016DH         SYMBOL        recv
  C:19AAH         LINE#         59
  C:19B5H         LINE#         60
  C:19B5H         LINE#         61
  C:19C8H         LINE#         62
  C:19C8H         LINE#         63
  C:19CFH         LINE#         64
  C:19D6H         LINE#         65
  C:19D6H         LINE#         66
  C:19E9H         LINE#         67
  C:19F0H         LINE#         68
  C:1A05H         LINE#         69
  C:1A05H         LINE#         70
  C:1A24H         LINE#         71
  C:1A24H         LINE#         72
  C:1A3AH         LINE#         73
  C:1A60H         LINE#         74
  C:1A86H         LINE#         75
  C:1AADH         LINE#         76
  C:1AADH         LINE#         77
  C:1AADH         LINE#         78
  C:1AADH         LINE#         80
  C:1AADH         LINE#         81
  C:1ABFH         LINE#         83
  C:1AEDH         LINE#         84
  C:1AEDH         LINE#         85
  -------         ENDPROC       _UART_RECV_ITHANDLER
  -------         PROC          _UART_RECV_TASK_5MS
  X:01EBH         SYMBOL        recv
  C:2001H         LINE#         92
  C:200CH         LINE#         93
  C:200CH         LINE#         94
  C:2021H         LINE#         95
  C:2021H         LINE#         96
BL51 BANKED LINKER/LOCATER V6.22.4.0                                                  11/11/2025  23:18:54  PAGE 14


  C:202DH         LINE#         97
  C:202DH         LINE#         98
  C:2034H         LINE#         99
  C:203BH         LINE#         101
  C:2069H         LINE#         102
  C:2069H         LINE#         103
  C:2069H         LINE#         104
  -------         ENDPROC       _UART_RECV_TASK_5MS
  -------         PROC          _UART_RECV_SETCB
  D:0001H         SYMBOL        cb
  C:241AH         LINE#         111
  C:241AH         LINE#         112
  C:241AH         LINE#         113
  C:2425H         LINE#         114
  -------         ENDPROC       _UART_RECV_SETCB
  -------         ENDMOD        USER_UART

  -------         MODULE        USER_MATH
  C:0000H         SYMBOL        _ICE_DUMMY_
  D:0080H         PUBLIC        P0
  D:0090H         PUBLIC        P1
  D:00A0H         PUBLIC        P2
  D:00B0H         PUBLIC        P3
  D:00C0H         PUBLIC        P4
  D:00C8H         PUBLIC        P5
  D:00E8H         PUBLIC        P6
  D:00F8H         PUBLIC        P7
  D:00A8H         PUBLIC        IE
  C:1F18H         PUBLIC        _Get_Dist
  D:00B8H         PUBLIC        IP
  D:00D8H         PUBLIC        CCON
  D:0098H         PUBLIC        SCON
  D:0088H         PUBLIC        TCON
  D:00F0H         PUBLIC        B
  D:00E0H         PUBLIC        ACC
  C:17ECH         PUBLIC        _Weight_Ang
  D:00D0H         PUBLIC        PSW
  -------         PROC          _WEIGHT_ANG
  X:0193H         SYMBOL        ang1
  X:0197H         SYMBOL        ang2
  X:019BH         SYMBOL        wgh1
  -------         DO            
  X:019FH         SYMBOL        diff
  X:01A3H         SYMBOL        res
  -------         ENDDO         
  C:17ECH         LINE#         14
  C:17F2H         LINE#         15
  C:17F2H         LINE#         17
  C:1863H         LINE#         19
  C:187FH         LINE#         20
  C:187FH         LINE#         21
  C:18D2H         LINE#         22
  C:18D2H         LINE#         24
  C:1933H         LINE#         25
  C:19A9H         LINE#         26
  -------         ENDPROC       _WEIGHT_ANG
  -------         PROC          _GET_DIST
BL51 BANKED LINKER/LOCATER V6.22.4.0                                                  11/11/2025  23:18:54  PAGE 15


  D:0004H         SYMBOL        x1
  X:01ABH         SYMBOL        y1
  X:01AFH         SYMBOL        x2
  X:01B3H         SYMBOL        y2
  -------         DO            
  X:01B7H         SYMBOL        dx
  D:0004H         SYMBOL        dy
  -------         ENDDO         
  C:1F18H         LINE#         37
  C:1F18H         LINE#         38
  C:1F18H         LINE#         39
  C:1F37H         LINE#         40
  C:1F56H         LINE#         41
  -------         ENDPROC       _GET_DIST
  -------         ENDMOD        USER_MATH

  -------         MODULE        MOTOR
  C:0000H         SYMBOL        _ICE_DUMMY_
  D:0080H         PUBLIC        P0
  D:0090H         PUBLIC        P1
  D:00A0H         PUBLIC        P2
  D:00B0H         PUBLIC        P3
  D:00C0H         PUBLIC        P4
  D:00C8H         PUBLIC        P5
  D:00E8H         PUBLIC        P6
  D:00F8H         PUBLIC        P7
  C:218AH         PUBLIC        Motor_Task
  C:2446H         PUBLIC        Motor_Init
  D:00A8H         PUBLIC        IE
  X:01F1H         SYMBOL        MotorState
  D:00B8H         PUBLIC        IP
  C:0003H         PUBLIC        Motor_GetState
  D:00D8H         PUBLIC        CCON
  C:243AH         PUBLIC        _Motor_SetState
  C:0A36H         SYMBOL        _Car_SpeedTransform
  B:0080H.0       PUBLIC        P00
  D:0098H         PUBLIC        SCON
  D:0088H         PUBLIC        TCON
  D:00F0H         PUBLIC        B
  C:22F9H         SYMBOL        _?ix1000
  C:2309H         SYMBOL        _?ix1001
  D:00E0H         PUBLIC        ACC
  C:138BH         SYMBOL        _Motor_SpeedUpdate
  D:00D0H         PUBLIC        PSW
  -------         PROC          MOTOR_INIT
  C:2446H         LINE#         37
  C:2446H         LINE#         38
  C:2446H         LINE#         39
  -------         ENDPROC       MOTOR_INIT
  -------         PROC          MOTOR_GETSTATE
  C:0003H         LINE#         48
  C:0003H         LINE#         49
  C:0003H         LINE#         50
  C:0008H         LINE#         51
  -------         ENDPROC       MOTOR_GETSTATE
  -------         PROC          _MOTOR_SETSTATE
  D:0007H         SYMBOL        NewState
BL51 BANKED LINKER/LOCATER V6.22.4.0                                                  11/11/2025  23:18:54  PAGE 16


  C:243AH         LINE#         58
  C:243AH         LINE#         59
  C:243AH         LINE#         60
  C:243FH         LINE#         61
  -------         ENDPROC       _MOTOR_SETSTATE
  -------         PROC          MOTOR_TASK
  -------         DO            
  X:0170H         SYMBOL        MotorSpeed
  X:0180H         SYMBOL        CarSpeed
  -------         ENDDO         
  C:218AH         LINE#         68
  C:218AH         LINE#         69
  C:218AH         LINE#         70
  C:219DH         LINE#         71
  C:21B0H         LINE#         74
  C:21B5H         LINE#         75
  C:21B5H         LINE#         76
  C:21B5H         LINE#         79
  C:21B5H         LINE#         80
  -------         ENDPROC       MOTOR_TASK
  -------         PROC          _CAR_SPEEDTRANSFORM
  X:01CAH         SYMBOL        cs
  X:01CDH         SYMBOL        ms
  -------         DO            
  X:01D0H         SYMBOL        temp
  -------         ENDDO         
  C:0A36H         LINE#         91
  C:0A41H         LINE#         92
  C:0A41H         LINE#         94
  C:0AE4H         LINE#         95
  C:0AE4H         LINE#         96
  C:0BBCH         LINE#         97
  C:0C78H         LINE#         98
  C:0C78H         LINE#         101
  C:0CC8H         LINE#         102
  C:0CC8H         LINE#         103
  C:0D74H         LINE#         104
  C:0DC8H         LINE#         105
  C:0DC8H         LINE#         106
  C:0DFCH         LINE#         107
  C:0E1BH         LINE#         108
  C:0E1BH         LINE#         109
  C:0E1BH         LINE#         111
  C:0E54H         LINE#         112
  C:0E90H         LINE#         113
  C:0ECCH         LINE#         114
  -------         ENDPROC       _CAR_SPEEDTRANSFORM
  -------         PROC          _MOTOR_SPEEDUPDATE
  X:018CH         SYMBOL        ms
  -------         DO            
  X:018FH         SYMBOL        spdtmp
  -------         ENDDO         
  C:138BH         LINE#         122
  C:1396H         LINE#         123
  C:1396H         LINE#         126
  C:13E7H         LINE#         127
  C:144FH         LINE#         128
BL51 BANKED LINKER/LOCATER V6.22.4.0                                                  11/11/2025  23:18:54  PAGE 17


  C:14B7H         LINE#         129
  C:151FH         LINE#         131
  C:1539H         LINE#         132
  C:1539H         LINE#         133
  C:153BH         LINE#         134
  C:153DH         LINE#         135
  C:153FH         LINE#         136
  C:1557H         LINE#         137
  C:1557H         LINE#         138
  C:1559H         LINE#         139
  C:155BH         LINE#         140
  C:155DH         LINE#         142
  C:155DH         LINE#         143
  C:155FH         LINE#         144
  C:1561H         LINE#         145
  C:1561H         LINE#         146
  C:159FH         LINE#         147
  C:15C7H         LINE#         149
  C:15E4H         LINE#         150
  C:15E4H         LINE#         151
  C:15E6H         LINE#         152
  C:15E8H         LINE#         153
  C:15EAH         LINE#         154
  C:1605H         LINE#         155
  C:1605H         LINE#         156
  C:1607H         LINE#         157
  C:1609H         LINE#         158
  C:160BH         LINE#         160
  C:160BH         LINE#         161
  C:160DH         LINE#         162
  C:160FH         LINE#         163
  C:160FH         LINE#         164
  C:1656H         LINE#         165
  C:167EH         LINE#         167
  C:169BH         LINE#         168
  C:169BH         LINE#         169
  C:169DH         LINE#         170
  C:169FH         LINE#         171
  C:16A1H         LINE#         172
  C:16BCH         LINE#         173
  C:16BCH         LINE#         174
  C:16BEH         LINE#         175
  C:16C0H         LINE#         176
  C:16C2H         LINE#         178
  C:16C2H         LINE#         179
  C:16C4H         LINE#         180
  C:16C6H         LINE#         181
  C:16C6H         LINE#         182
  C:170DH         LINE#         183
  C:1735H         LINE#         185
  C:1752H         LINE#         186
  C:1752H         LINE#         187
  C:1754H         LINE#         188
  C:1756H         LINE#         189
  C:1758H         LINE#         190
  C:1773H         LINE#         191
  C:1773H         LINE#         192
BL51 BANKED LINKER/LOCATER V6.22.4.0                                                  11/11/2025  23:18:54  PAGE 18


  C:1775H         LINE#         193
  C:1777H         LINE#         194
  C:1779H         LINE#         196
  C:1779H         LINE#         197
  C:177BH         LINE#         198
  C:177DH         LINE#         199
  C:177DH         LINE#         200
  C:17C4H         LINE#         201
  -------         ENDPROC       _MOTOR_SPEEDUPDATE
  -------         ENDMOD        MOTOR

  -------         MODULE        MOTION_CONTROL
  C:0000H         SYMBOL        _ICE_DUMMY_
  D:0080H         PUBLIC        P0
  D:0090H         PUBLIC        P1
  D:00A0H         PUBLIC        P2
  D:00B0H         PUBLIC        P3
  D:00C0H         PUBLIC        P4
  D:00C8H         PUBLIC        P5
  D:00E8H         PUBLIC        P6
  D:00F8H         PUBLIC        P7
  D:00A8H         PUBLIC        IE
  D:00B8H         PUBLIC        IP
  D:00D8H         PUBLIC        CCON
  D:0098H         PUBLIC        SCON
  D:0088H         PUBLIC        TCON
  D:00F0H         PUBLIC        B
  D:00E0H         PUBLIC        ACC
  D:00D0H         PUBLIC        PSW
  -------         ENDMOD        MOTION_CONTROL

  -------         MODULE        MAIN
  C:0000H         SYMBOL        _ICE_DUMMY_
  D:0093H         PUBLIC        P0M1
  D:0092H         PUBLIC        P1M0
  D:0096H         PUBLIC        P2M0
  D:0091H         PUBLIC        P1M1
  D:0080H         PUBLIC        P0
  D:00B2H         PUBLIC        P3M0
  D:0095H         PUBLIC        P2M1
  D:0090H         PUBLIC        P1
  D:00B4H         PUBLIC        P4M0
  D:00B1H         PUBLIC        P3M1
  D:00A0H         PUBLIC        P2
  D:00CAH         PUBLIC        P5M0
  D:00B3H         PUBLIC        P4M1
  D:00B0H         PUBLIC        P3
  D:00CCH         PUBLIC        P6M0
  D:00C9H         PUBLIC        P5M1
  D:00C0H         PUBLIC        P4
  D:00E2H         PUBLIC        P7M0
  D:00CBH         PUBLIC        P6M1
  D:00C8H         PUBLIC        P5
  D:00E8H         PUBLIC        P6
  D:00E1H         PUBLIC        P7M1
  B:00A8H.7       PUBLIC        EA
  D:00F8H         PUBLIC        P7
BL51 BANKED LINKER/LOCATER V6.22.4.0                                                  11/11/2025  23:18:54  PAGE 19


  D:00BAH         PUBLIC        P_SW2
  D:00A8H         PUBLIC        IE
  D:00B8H         PUBLIC        IP
  D:00D8H         PUBLIC        CCON
  C:23C5H         PUBLIC        main
  B:0080H.0       PUBLIC        P00
  D:0098H         PUBLIC        SCON
  D:0088H         PUBLIC        TCON
  D:00F0H         PUBLIC        B
  D:00E0H         PUBLIC        ACC
  C:2440H         PUBLIC        led_task
  C:2360H         PUBLIC        _delay_ms
  C:2348H         PUBLIC        _delay_us
  C:21BEH         PUBLIC        SYS_Init
  D:00D0H         PUBLIC        PSW
  D:0094H         PUBLIC        P0M0
  -------         PROC          MAIN
  C:23C5H         LINE#         33
  C:23C5H         LINE#         34
  C:23C5H         LINE#         39
  C:23C8H         LINE#         45
  C:23C8H         LINE#         46
  C:23C8H         LINE#         50
  C:23CEH         LINE#         51
  C:23CEH         LINE#         52
  C:23D0H         LINE#         53
  C:23D3H         LINE#         54
  C:23D3H         LINE#         57
  -------         ENDPROC       MAIN
  -------         PROC          SYS_INIT
  C:21BEH         LINE#         65
  C:21BEH         LINE#         66
  C:21BEH         LINE#         67
  C:21C1H         LINE#         73
  C:21C6H         LINE#         74
  C:21CAH         LINE#         75
  C:21CEH         LINE#         76
  C:21D2H         LINE#         77
  C:21D6H         LINE#         78
  C:21DAH         LINE#         79
  C:21DEH         LINE#         80
  C:21E2H         LINE#         82
  C:21E5H         LINE#         83
  C:21E8H         LINE#         84
  C:21EBH         LINE#         85
  C:21EEH         LINE#         91
  C:21F0H         LINE#         92
  -------         ENDPROC       SYS_INIT
  -------         PROC          _DELAY_US
  D:0006H         SYMBOL        us
  C:2348H         LINE#         99
  C:2348H         LINE#         100
  C:2348H         LINE#         102
  C:2348H         LINE#         103
  C:2356H         LINE#         104
  C:235FH         LINE#         105
  -------         ENDPROC       _DELAY_US
BL51 BANKED LINKER/LOCATER V6.22.4.0                                                  11/11/2025  23:18:54  PAGE 20


  -------         PROC          _DELAY_MS
  D:0006H         SYMBOL        ms
  -------         DO            
  D:0004H         SYMBOL        i
  -------         ENDDO         
  C:2360H         LINE#         113
  C:2360H         LINE#         114
  C:2360H         LINE#         118
  C:2360H         LINE#         119
  C:2364H         LINE#         120
  C:236DH         LINE#         121
  C:2376H         LINE#         122
  -------         ENDPROC       _DELAY_MS
  -------         PROC          LED_TASK
  C:2440H         LINE#         127
  C:2440H         LINE#         128
  C:2440H         LINE#         129
  C:2445H         LINE#         130
  -------         ENDPROC       LED_TASK
  -------         ENDMOD        MAIN

  -------         MODULE        TIMER
  C:0000H         SYMBOL        _ICE_DUMMY_
  D:0080H         PUBLIC        P0
  D:0090H         PUBLIC        P1
  D:00A0H         PUBLIC        P2
  C:23A1H         PUBLIC        TIMER0_ISR
  D:00B0H         PUBLIC        P3
  D:00C0H         PUBLIC        P4
  D:00C8H         PUBLIC        P5
  D:00E8H         PUBLIC        P6
  D:00F8H         PUBLIC        P7
  D:00A8H         PUBLIC        IE
  D:00B8H         PUBLIC        IP
  D:00D8H         PUBLIC        CCON
  C:232FH         PUBLIC        TIMER0_Init
  C:23D5H         PUBLIC        TIMER2_Init
  D:0098H         PUBLIC        SCON
  D:0089H         PUBLIC        TMOD
  D:0088H         PUBLIC        TCON
  D:00F0H         PUBLIC        B
  D:008EH         PUBLIC        AUXR
  D:00E0H         PUBLIC        ACC
  B:00A8H.1       PUBLIC        ET0
  D:008CH         PUBLIC        TH0
  D:00D6H         PUBLIC        T2H
  D:008AH         PUBLIC        TL0
  D:00D7H         PUBLIC        T2L
  B:00B8H.1       PUBLIC        PT0
  B:0088H.4       PUBLIC        TR0
  D:00D0H         PUBLIC        PSW
  -------         PROC          TIMER0_INIT
  C:232FH         LINE#         33
  C:232FH         LINE#         34
  C:232FH         LINE#         37
  C:2332H         LINE#         38
  C:2335H         LINE#         39
BL51 BANKED LINKER/LOCATER V6.22.4.0                                                  11/11/2025  23:18:54  PAGE 21


  C:2338H         LINE#         40
  C:233BH         LINE#         41
  C:233DH         LINE#         42
  C:233FH         LINE#         43
  C:2345H         LINE#         44
  C:2347H         LINE#         49
  -------         ENDPROC       TIMER0_INIT
  -------         PROC          TIMER2_INIT
  C:23D5H         LINE#         56
  C:23D5H         LINE#         57
  C:23D5H         LINE#         64
  C:23D8H         LINE#         65
  C:23DBH         LINE#         66
  C:23E1H         LINE#         67
  C:23E4H         LINE#         72
  -------         ENDPROC       TIMER2_INIT
  -------         PROC          TIMER0_ISR
  C:23A1H         LINE#         80
  C:23A7H         LINE#         84
  C:23ADH         LINE#         86
  -------         ENDPROC       TIMER0_ISR
  -------         ENDMOD        TIMER

  -------         MODULE        UART
  C:0000H         SYMBOL        _ICE_DUMMY_
  D:0080H         PUBLIC        P0
  D:0090H         PUBLIC        P1
  D:00A0H         PUBLIC        P2
  D:00B0H         PUBLIC        P3
  D:00C0H         PUBLIC        P4
  D:00C8H         PUBLIC        P5
  D:00E8H         PUBLIC        P6
  D:00F8H         PUBLIC        P7
  D:00A2H         PUBLIC        P_SW1
  D:00A8H         PUBLIC        IE
  B:00A8H.4       PUBLIC        ES
  D:00B8H         PUBLIC        IP
  B:0098H.0       PUBLIC        RI
  B:0098H.1       PUBLIC        TI
  B:00B8H.4       PUBLIC        PS
  D:00D8H         PUBLIC        CCON
  D:0098H         PUBLIC        SCON
  D:0088H         PUBLIC        TCON
  C:206AH         PUBLIC        UART1_ISR
  D:00F0H         PUBLIC        B
  D:008EH         PUBLIC        AUXR
  D:00E0H         PUBLIC        ACC
  C:2315H         PUBLIC        UART1_Init
  B:0098H.4       PUBLIC        REN
  D:00D0H         PUBLIC        PSW
  -------         PROC          UART1_INIT
  C:2315H         LINE#         34
  C:2315H         LINE#         35
  C:2315H         LINE#         36
  C:231DH         LINE#         38
  C:2320H         LINE#         40
  C:2322H         LINE#         41
BL51 BANKED LINKER/LOCATER V6.22.4.0                                                  11/11/2025  23:18:54  PAGE 22


  C:232AH         LINE#         42
  C:232CH         LINE#         43
  C:232EH         LINE#         48
  -------         ENDPROC       UART1_INIT
  -------         PROC          UART1_ISR
  C:206AH         LINE#         56
  C:2087H         LINE#         60
  C:208AH         LINE#         61
  C:208AH         LINE#         62
  C:208CH         LINE#         63
  C:2095H         LINE#         64
  C:2095H         LINE#         66
  C:2098H         LINE#         67
  C:2098H         LINE#         68
  C:209AH         LINE#         69
  C:20A3H         LINE#         70
  C:20A3H         LINE#         72
  -------         ENDPROC       UART1_ISR
  -------         ENDMOD        UART

  -------         MODULE        SPI
  C:0000H         SYMBOL        _ICE_DUMMY_
  D:0080H         PUBLIC        P0
  D:0090H         PUBLIC        P1
  D:00A0H         PUBLIC        P2
  D:00B0H         PUBLIC        P3
  D:00C0H         PUBLIC        P4
  D:00C8H         PUBLIC        P5
  D:00E8H         PUBLIC        P6
  D:00F8H         PUBLIC        P7
  D:00CEH         PUBLIC        SPCTL
  D:00A2H         PUBLIC        P_SW1
  D:00A8H         PUBLIC        IE
  D:00B8H         PUBLIC        IP
  D:00D8H         PUBLIC        CCON
  D:0098H         PUBLIC        SCON
  D:0088H         PUBLIC        TCON
  D:00F0H         PUBLIC        B
  D:00E0H         PUBLIC        ACC
  D:00CDH         PUBLIC        SPSTAT
  C:23F4H         PUBLIC        SPI_ReadByte
  C:2377H         PUBLIC        SPI_Init
  C:2426H         PUBLIC        _SPI_WriteByte
  D:00D0H         PUBLIC        PSW
  D:00CFH         PUBLIC        SPDAT
  -------         PROC          SPI_INIT
  C:2377H         LINE#         32
  C:2377H         LINE#         33
  C:2377H         LINE#         34
  C:237AH         LINE#         36
  C:237DH         LINE#         37
  C:2380H         LINE#         38
  C:2383H         LINE#         39
  C:2386H         LINE#         40
  C:2389H         LINE#         42
  C:238CH         LINE#         47
  -------         ENDPROC       SPI_INIT
BL51 BANKED LINKER/LOCATER V6.22.4.0                                                  11/11/2025  23:18:54  PAGE 23


  -------         PROC          _SPI_WRITEBYTE
  D:0007H         SYMBOL        dat
  C:2426H         LINE#         54
  C:2426H         LINE#         55
  C:2426H         LINE#         56
  C:2428H         LINE#         57
  C:242DH         LINE#         58
  C:2430H         LINE#         59
  -------         ENDPROC       _SPI_WRITEBYTE
  -------         PROC          SPI_READBYTE
  C:23F4H         LINE#         66
  C:23F4H         LINE#         67
  C:23F4H         LINE#         68
  C:23F7H         LINE#         69
  C:23FCH         LINE#         70
  C:23FFH         LINE#         71
  C:2401H         LINE#         72
  -------         ENDPROC       SPI_READBYTE
  -------         ENDMOD        SPI

  -------         MODULE        ?C?FPADD
  C:002DH         PUBLIC        ?C?FPADD
  C:0029H         PUBLIC        ?C?FPSUB
  -------         ENDMOD        ?C?FPADD

  -------         MODULE        ?C?FPMUL
  C:011EH         PUBLIC        ?C?FPMUL
  -------         ENDMOD        ?C?FPMUL

  -------         MODULE        ?C?FPDIV
  C:0227H         PUBLIC        ?C?FPDIV
  -------         ENDMOD        ?C?FPDIV

  -------         MODULE        ?C?FPCMP
  C:02C6H         PUBLIC        ?C?FPCMP
  C:02C4H         PUBLIC        ?C?FPCMP3
  -------         ENDMOD        ?C?FPCMP

  -------         MODULE        ?C?FPNEG
  C:033DH         PUBLIC        ?C?FPNEG
  -------         ENDMOD        ?C?FPNEG

  -------         MODULE        ?C?FCAST
  C:0358H         PUBLIC        ?C?FCASTC
  C:0353H         PUBLIC        ?C?FCASTI
  C:034EH         PUBLIC        ?C?FCASTL
  -------         ENDMOD        ?C?FCAST

  -------         MODULE        ?C?CASTF
  C:038CH         PUBLIC        ?C?CASTF
  -------         ENDMOD        ?C?CASTF

  -------         MODULE        SQRT
  C:1CC6H         PUBLIC        _SQRT
  -------         ENDMOD        SQRT

  -------         MODULE        VSPRINTF
BL51 BANKED LINKER/LOCATER V6.22.4.0                                                  11/11/2025  23:18:54  PAGE 24


  X:01D8H         PUBLIC        ?_VSPRINTF?BYTE
  C:210BH         PUBLIC        _VSPRINTF
  -------         ENDMOD        VSPRINTF

  -------         MODULE        PRINTF
  X:010FH         PUBLIC        ?_PRINTF?BYTE
  X:010FH         PUBLIC        ?_SPRINTF?BYTE
  C:0F73H         PUBLIC        _PRINTF
  C:0F6DH         PUBLIC        _SPRINTF
  -------         ENDMOD        PRINTF

  -------         MODULE        ?C?FPROUND
  C:040DH         PUBLIC        ?C?FPROUND
  -------         ENDMOD        ?C?FPROUND

  -------         MODULE        ?C?FPCONVERT
  C:044AH         PUBLIC        ?C?FPCONVERT
  -------         ENDMOD        ?C?FPCONVERT

  -------         MODULE        ?C?FTNPWR
  C:057FH         PUBLIC        ?C?FTNPWR
  -------         ENDMOD        ?C?FTNPWR

  -------         MODULE        ?C?COPY
  C:068FH         PUBLIC        ?C?COPY
  -------         ENDMOD        ?C?COPY

  -------         MODULE        ?C?CLDPTR
  C:06B5H         PUBLIC        ?C?CLDPTR
  -------         ENDMOD        ?C?CLDPTR

  -------         MODULE        ?C?CLDOPTR
  C:06CEH         PUBLIC        ?C?CLDOPTR
  -------         ENDMOD        ?C?CLDOPTR

  -------         MODULE        ?C?CILDOPTR
  C:06FBH         PUBLIC        ?C?CILDOPTR
  -------         ENDMOD        ?C?CILDOPTR

  -------         MODULE        ?C?CSTPTR
  C:072EH         PUBLIC        ?C?CSTPTR
  -------         ENDMOD        ?C?CSTPTR

  -------         MODULE        ?C?CSTOPTR
  C:0740H         PUBLIC        ?C?CSTOPTR
  -------         ENDMOD        ?C?CSTOPTR

  -------         MODULE        ?C?IILDX
  C:0762H         PUBLIC        ?C?IILDX
  -------         ENDMOD        ?C?IILDX

  -------         MODULE        ?C?LNEG
  C:0778H         PUBLIC        ?C?LNEG
  -------         ENDMOD        ?C?LNEG

  -------         MODULE        ?C?LLDPTR
  C:0786H         PUBLIC        ?C?LLDPTR
BL51 BANKED LINKER/LOCATER V6.22.4.0                                                  11/11/2025  23:18:54  PAGE 25


  -------         ENDMOD        ?C?LLDPTR

  -------         MODULE        ?C?LLDOPTR
  C:07A6H         PUBLIC        ?C?LLDOPTR
  -------         ENDMOD        ?C?LLDOPTR

  -------         MODULE        ?C?LSTPTR
  C:07D6H         PUBLIC        ?C?LSTPTR
  -------         ENDMOD        ?C?LSTPTR

  -------         MODULE        ?C?LSTOPTR
  C:07F0H         PUBLIC        ?C?LSTOPTR
  -------         ENDMOD        ?C?LSTOPTR

  -------         MODULE        ?C?LLDXDATA
  C:0814H         PUBLIC        ?C?LLDXDATA
  -------         ENDMOD        ?C?LLDXDATA

  -------         MODULE        ?C?LLDPTR0
  C:0820H         PUBLIC        ?C?LLDPTR0
  -------         ENDMOD        ?C?LLDPTR0

  -------         MODULE        ?C?LLDOPTR0
  C:0840H         PUBLIC        ?C?LLDOPTR0
  -------         ENDMOD        ?C?LLDOPTR0

  -------         MODULE        ?C?LSTXDATA
  C:0870H         PUBLIC        ?C?LSTXDATA
  -------         ENDMOD        ?C?LSTXDATA

  -------         MODULE        ?C?LSTKPTR
  C:087CH         PUBLIC        ?C?LSTKPTR
  -------         ENDMOD        ?C?LSTKPTR

  -------         MODULE        ?C?LSTKOPTR
  C:0896H         PUBLIC        ?C?LSTKOPTR
  -------         ENDMOD        ?C?LSTKOPTR

  -------         MODULE        ?C?PLDIXDATA
  C:08BAH         PUBLIC        ?C?PLDIXDATA
  -------         ENDMOD        ?C?PLDIXDATA

  -------         MODULE        ?C?PSTXDATA
  C:08D1H         PUBLIC        ?C?PSTXDATA
  -------         ENDMOD        ?C?PSTXDATA

  -------         MODULE        ?C?PLDOPTR
  C:08DAH         PUBLIC        ?C?PLDOPTR
  -------         ENDMOD        ?C?PLDOPTR

  -------         MODULE        ?C?CCASE
  C:090AH         PUBLIC        ?C?CCASE
  -------         ENDMOD        ?C?CCASE

  -------         MODULE        ?C?ICALL
  C:0930H         PUBLIC        ?C?ICALL
  C:0934H         PUBLIC        ?C?ICALL2
BL51 BANKED LINKER/LOCATER V6.22.4.0                                                  11/11/2025  23:18:54  PAGE 26


  -------         ENDMOD        ?C?ICALL

  -------         MODULE        PUTCHAR
  C:2295H         PUBLIC        _PUTCHAR
  -------         ENDMOD        PUTCHAR

  -------         MODULE        STRLEN
  C:000EH         PUBLIC        _STRLEN
  -------         ENDMOD        STRLEN

  -------         MODULE        ?C?LLDIDATA
  C:0936H         PUBLIC        ?C?LLDIDATA
  -------         ENDMOD        ?C?LLDIDATA

  -------         MODULE        ?C?LLDPDATA
  C:0942H         PUBLIC        ?C?LLDPDATA
  -------         ENDMOD        ?C?LLDPDATA

  -------         MODULE        ?C?LLDCODE
  C:094EH         PUBLIC        ?C?LLDCODE
  -------         ENDMOD        ?C?LLDCODE

  -------         MODULE        ?C?LLDIDATA0
  C:095EH         PUBLIC        ?C?LLDIDATA0
  -------         ENDMOD        ?C?LLDIDATA0

  -------         MODULE        ?C?LLDXDATA0
  C:096BH         PUBLIC        ?C?LLDXDATA0
  -------         ENDMOD        ?C?LLDXDATA0

  -------         MODULE        ?C?LLDPDATA0
  C:0977H         PUBLIC        ?C?LLDPDATA0
  -------         ENDMOD        ?C?LLDPDATA0

  -------         MODULE        ?C?LLDCODE0
  C:0984H         PUBLIC        ?C?LLDCODE0
  -------         ENDMOD        ?C?LLDCODE0

  -------         MODULE        ?C?LSTIDATA
  C:0994H         PUBLIC        ?C?LSTIDATA
  -------         ENDMOD        ?C?LSTIDATA

  -------         MODULE        ?C?LSTPDATA
  C:09A0H         PUBLIC        ?C?LSTPDATA
  -------         ENDMOD        ?C?LSTPDATA

  -------         MODULE        ?C?LSTKIDATA
  C:09ACH         PUBLIC        ?C?LSTKIDATA
  -------         ENDMOD        ?C?LSTKIDATA

  -------         MODULE        ?C?LSTKXDATA
  C:09C5H         PUBLIC        ?C?LSTKXDATA
  -------         ENDMOD        ?C?LSTKXDATA

  -------         MODULE        ?C?LSTKPDATA
  C:09F6H         PUBLIC        ?C?LSTKPDATA
  -------         ENDMOD        ?C?LSTKPDATA
BL51 BANKED LINKER/LOCATER V6.22.4.0                                                  11/11/2025  23:18:54  PAGE 27



  -------         MODULE        ?C?PLDIDATA
  C:0A0FH         PUBLIC        ?C?PLDIDATA
  -------         ENDMOD        ?C?PLDIDATA

  -------         MODULE        ?C?PLDXDATA
  C:0A18H         PUBLIC        ?C?PLDXDATA
  -------         ENDMOD        ?C?PLDXDATA

  -------         MODULE        ?C?PLDPDATA
  C:0A21H         PUBLIC        ?C?PLDPDATA
  -------         ENDMOD        ?C?PLDPDATA

  -------         MODULE        ?C?PLDCODE
  C:0A2AH         PUBLIC        ?C?PLDCODE
  -------         ENDMOD        ?C?PLDCODE

Program Size: data=15.1 xdata=498 code=9289
LINK/LOCATE RUN COMPLETE.  0 WARNING(S),  0 ERROR(S)
