BL51 BANKED LINKER/LOCATER V6.22.4.0                                                    11/11/2025  20:04:25  PAGE 1


BL51 BANKED LINKER/LOCATER V6.22.4.0, INVOKED BY:
D:\KEIL5\C51\BIN\BL51.EXE .\Objects\task.obj, .\Objects\user_pwm.obj, .\Objects\user_math.obj, .\Objects\motor.obj, .\Ob
>> jects\main.obj, .\Objects\timer.obj, .\Objects\uart.obj TO .\Objects\Car PRINT (.\Listings\Car.m51) RAMSIZE (256) DIS
>> ABLEWARNING (16)


MEMORY MODEL: LARGE WITH FLOATING POINT ARITHMETIC


INPUT MODULES INCLUDED:
  .\Objects\task.obj (TASK)
  .\Objects\user_pwm.obj (USER_PWM)
  .\Objects\user_math.obj (USER_MATH)
  .\Objects\motor.obj (MOTOR)
  .\Objects\main.obj (MAIN)
  .\Objects\timer.obj (TIMER)
  .\Objects\uart.obj (UART)
  D:\KEIL5\C51\LIB\C51FPL.LIB (?C?FPADD)
  D:\KEIL5\C51\LIB\C51FPL.LIB (?C?FPMUL)
  D:\KEIL5\C51\LIB\C51FPL.LIB (?C?FPDIV)
  D:\KEIL5\C51\LIB\C51FPL.LIB (?C?FPCMP)
  D:\KEIL5\C51\LIB\C51FPL.LIB (?C?FPNEG)
  D:\KEIL5\C51\LIB\C51FPL.LIB (?C?CASTF)
  D:\KEIL5\C51\LIB\C51FPL.LIB (SQRT)
  D:\KEIL5\C51\LIB\C51FPL.LIB (?C?FPGETOPN)
  D:\KEIL5\C51\LIB\C51L.LIB (?C_STARTUP)
  D:\KEIL5\C51\LIB\C51L.LIB (?C?IILDX)
  D:\KEIL5\C51\LIB\C51L.LIB (?C?LNEG)
  D:\KEIL5\C51\LIB\C51L.LIB (?C?LLDPTR)
  D:\KEIL5\C51\LIB\C51L.LIB (?C?LLDOPTR)
  D:\KEIL5\C51\LIB\C51L.LIB (?C?LLDXDATA)
  D:\KEIL5\C51\LIB\C51L.LIB (?C?LSTXDATA)
  D:\KEIL5\C51\LIB\C51L.LIB (?C?LSTKXDATA)
  D:\KEIL5\C51\LIB\C51L.LIB (?C?LSTKPTR)
  D:\KEIL5\C51\LIB\C51L.LIB (?C?LSTKOPTR)
  D:\KEIL5\C51\LIB\C51L.LIB (?C?ICALL)
  D:\KEIL5\C51\LIB\C51L.LIB (?C_INIT)
  D:\KEIL5\C51\LIB\C51L.LIB (?C?LLDIDATA)
  D:\KEIL5\C51\LIB\C51L.LIB (?C?LLDPDATA)
  D:\KEIL5\C51\LIB\C51L.LIB (?C?LLDCODE)
  D:\KEIL5\C51\LIB\C51L.LIB (?C?LSTKIDATA)
  D:\KEIL5\C51\LIB\C51L.LIB (?C?LSTKPDATA)


LINK MAP OF MODULE:  .\Objects\Car (TASK)


            TYPE    BASE      LENGTH    RELOCATION   SEGMENT NAME
            -----------------------------------------------------

            * * * * * * *   D A T A   M E M O R Y   * * * * * * *
            REG     0000H     0008H     ABSOLUTE     "REG BANK 0"
            IDATA   0008H     0001H     UNIT         ?STACK

            * * * * * * *  X D A T A   M E M O R Y  * * * * * * *
            XDATA   0000H     0014H     UNIT         ?XD?_WEIGHT_ANG?USER_MATH
            XDATA   0014H     0014H     UNIT         ?XD?_GET_DIST?USER_MATH
            XDATA   0028H     0011H     UNIT         ?XD?MOTOR
BL51 BANKED LINKER/LOCATER V6.22.4.0                                                  11/11/2025  20:04:25  PAGE 2


            XDATA   0039H     0008H     UNIT         ?XD?TASK
            XDATA   0041H     0007H     UNIT         ?XD?_MOTOR_SPEEDUPDATE?MOTOR
            XDATA   0048H     0004H     UNIT         ?XD?SQRT?SQRT
            XDATA   004CH     0001H     UNIT         _XDATA_GROUP_

            * * * * * * *   C O D E   M E M O R Y   * * * * * * *
            CODE    0000H     0003H     ABSOLUTE     
            CODE    0003H     0006H     UNIT         ?PR?MOTORGETSTATE?MOTOR
                    0009H     0002H                  *** GAP ***
            CODE    000BH     0003H     ABSOLUTE     
            CODE    000EH     0013H     UNIT         ?PR?TIMER0_ISR?TIMER
                    0021H     0002H                  *** GAP ***
            CODE    0023H     0003H     ABSOLUTE     
            CODE    0026H     0504H     UNIT         ?C?LIB_CODE
            CODE    052AH     0461H     UNIT         ?PR?_MOTOR_SPEEDUPDATE?MOTOR
            CODE    098BH     01BEH     UNIT         ?PR?_WEIGHT_ANG?USER_MATH
            CODE    0B49H     00ACH     UNIT         ?PR?SQRT?SQRT
            CODE    0BF5H     0090H     UNIT         ?PR?TASKEXE?TASK
            CODE    0C85H     008EH     UNIT         ?PR?USER_PWM_INIT?USER_PWM
            CODE    0D13H     008CH     UNIT         ?C_C51STARTUP
            CODE    0D9FH     0077H     UNIT         ?PR?_GET_DIST?USER_MATH
            CODE    0E16H     0037H     UNIT         ?PR?MOTOR_TASK?MOTOR
            CODE    0E4DH     0030H     UNIT         ?PR?SYS_INIT?MAIN
            CODE    0E7DH     0029H     UNIT         ?PR?_USER_PWMA_SETWIDTH?USER_PWM
            CODE    0EA6H     0029H     UNIT         ?PR?_USER_PWMB_SETWIDTH?USER_PWM
            CODE    0ECFH     0029H     UNIT         ?PR?_USER_PWMC_SETWIDTH?USER_PWM
            CODE    0EF8H     0029H     UNIT         ?PR?_USER_PWMD_SETWIDTH?USER_PWM
            CODE    0F21H     0026H     UNIT         ?C_INITSEG
            CODE    0F47H     001AH     UNIT         ?PR?UART1_INIT?UART
            CODE    0F61H     0019H     UNIT         ?PR?TIMER0_INIT?TIMER
            CODE    0F7AH     0018H     UNIT         ?PR?_DELAY_US?MAIN
            CODE    0F92H     0017H     UNIT         ?PR?_DELAY_MS?MAIN
            CODE    0FA9H     0010H     UNIT         ?PR?MAIN?MAIN
            CODE    0FB9H     0010H     UNIT         ?PR?TIMER2_INIT?TIMER
            CODE    0FC9H     000BH     UNIT         ?PR?UART1_ISR?UART
            CODE    0FD4H     0006H     UNIT         ?PR?LED_TASK?MAIN
            CODE    0FDAH     0003H     UNIT         ?PR?MOTOR_INIT?MOTOR



OVERLAY MAP OF MODULE:   .\Objects\Car (TASK)


SEGMENT                                    XDATA_GROUP
  +--> CALLED SEGMENT                    START    LENGTH
--------------------------------------------------------
?C_C51STARTUP                            -----    -----
  +--> ?PR?MAIN?MAIN
  +--> ?C_INITSEG

?PR?MAIN?MAIN                            -----    -----
  +--> ?PR?SYS_INIT?MAIN
  +--> ?PR?TASKEXE?TASK

?PR?SYS_INIT?MAIN                        -----    -----
  +--> ?PR?TIMER0_INIT?TIMER
  +--> ?PR?TIMER2_INIT?TIMER
BL51 BANKED LINKER/LOCATER V6.22.4.0                                                  11/11/2025  20:04:25  PAGE 3


  +--> ?PR?UART1_INIT?UART

?PR?TASKEXE?TASK                         004CH    0001H

?C_INITSEG                               -----    -----
  +--> ?PR?LED_TASK?MAIN



SYMBOL TABLE OF MODULE:  .\Objects\Car (TASK)

  VALUE           TYPE          NAME
  ----------------------------------

  -------         MODULE        TASK
  C:0000H         SYMBOL        _ICE_DUMMY_
  D:0080H         PUBLIC        P0
  D:0090H         PUBLIC        P1
  D:00A0H         PUBLIC        P2
  D:00B0H         PUBLIC        P3
  D:00C0H         PUBLIC        P4
  D:00C8H         PUBLIC        P5
  D:00E8H         PUBLIC        P6
  D:00F8H         PUBLIC        P7
  D:00A8H         PUBLIC        IE
  X:0039H         PUBLIC        Task
  D:00B8H         PUBLIC        IP
  D:00D8H         PUBLIC        CCON
  D:0098H         PUBLIC        SCON
  D:0088H         PUBLIC        TCON
  X:0040H         PUBLIC        TaskExeFlag
  C:0BF5H         PUBLIC        TaskExe
  D:00F0H         PUBLIC        B
  D:00E0H         PUBLIC        ACC
  D:00D0H         PUBLIC        PSW
  -------         PROC          TASKEXE
  -------         DO            
  X:004CH         SYMBOL        i
  -------         ENDDO         
  C:0BF5H         LINE#         22
  C:0BF5H         LINE#         23
  C:0BF5H         LINE#         24
  C:0BFAH         LINE#         25
  C:0BFAH         LINE#         26
  C:0BFAH         LINE#         27
  C:0C2FH         LINE#         28
  C:0C2FH         LINE#         29
  C:0C45H         LINE#         30
  C:0C5EH         LINE#         31
  C:0C5EH         LINE#         32
  C:0C75H         LINE#         33
  C:0C75H         LINE#         34
  C:0C75H         LINE#         35
  C:0C84H         LINE#         36
  -------         ENDPROC       TASKEXE
  -------         ENDMOD        TASK

BL51 BANKED LINKER/LOCATER V6.22.4.0                                                  11/11/2025  20:04:25  PAGE 4


  -------         MODULE        USER_PWM
  C:0000H         SYMBOL        _ICE_DUMMY_
  D:0080H         PUBLIC        P0
  D:0090H         PUBLIC        P1
  D:00A0H         PUBLIC        P2
  D:00B0H         PUBLIC        P3
  D:00C0H         PUBLIC        P4
  D:00C8H         PUBLIC        P5
  D:00E8H         PUBLIC        P6
  D:00F8H         PUBLIC        P7
  D:00F5H         PUBLIC        PWMCR
  D:00A8H         PUBLIC        IE
  D:00B8H         PUBLIC        IP
  D:00D8H         PUBLIC        CCON
  B:00A0H.1       PUBLIC        P21
  B:00A0H.2       PUBLIC        P22
  D:0098H         PUBLIC        SCON
  B:00A0H.3       PUBLIC        P23
  D:0088H         PUBLIC        TCON
  B:00A0H.7       PUBLIC        P27
  D:00F0H         PUBLIC        B
  D:00F1H         PUBLIC        PWMCFG
  D:00E0H         PUBLIC        ACC
  C:0E7DH         PUBLIC        _User_PWMA_SetWidth
  C:0EA6H         PUBLIC        _User_PWMB_SetWidth
  C:0ECFH         PUBLIC        _User_PWMC_SetWidth
  C:0EF8H         PUBLIC        _User_PWMD_SetWidth
  C:0C85H         PUBLIC        User_PWM_Init
  D:00D0H         PUBLIC        PSW
  -------         PROC          USER_PWM_INIT
  C:0C85H         LINE#         8
  C:0C85H         LINE#         9
  C:0C85H         LINE#         10
  C:0C87H         LINE#         11
  C:0C89H         LINE#         12
  C:0C8BH         LINE#         13
  C:0C8DH         LINE#         15
  C:0C90H         LINE#         17
  C:0C97H         LINE#         18
  C:0C9DH         LINE#         19
  C:0CA7H         LINE#         21
  C:0CAEH         LINE#         22
  C:0CB1H         LINE#         23
  C:0CB9H         LINE#         24
  C:0CBEH         LINE#         25
  C:0CC1H         LINE#         27
  C:0CC8H         LINE#         28
  C:0CCBH         LINE#         29
  C:0CD3H         LINE#         30
  C:0CD8H         LINE#         31
  C:0CDBH         LINE#         33
  C:0CE2H         LINE#         34
  C:0CE5H         LINE#         35
  C:0CEDH         LINE#         36
  C:0CF2H         LINE#         37
  C:0CF5H         LINE#         39
  C:0CFCH         LINE#         40
BL51 BANKED LINKER/LOCATER V6.22.4.0                                                  11/11/2025  20:04:25  PAGE 5


  C:0CFFH         LINE#         41
  C:0D07H         LINE#         42
  C:0D0CH         LINE#         43
  C:0D0FH         LINE#         45
  C:0D12H         LINE#         46
  -------         ENDPROC       USER_PWM_INIT
  -------         PROC          _USER_PWMA_SETWIDTH
  D:0004H         SYMBOL        Width
  C:0E7DH         LINE#         53
  C:0E81H         LINE#         54
  C:0E81H         LINE#         55
  C:0E8AH         LINE#         56
  C:0E8AH         LINE#         57
  C:0E8DH         LINE#         58
  C:0E8FH         LINE#         59
  C:0E90H         LINE#         60
  C:0E94H         LINE#         61
  C:0E94H         LINE#         62
  C:0E97H         LINE#         63
  C:0E99H         LINE#         64
  C:0E9AH         LINE#         66
  C:0E9AH         LINE#         67
  C:0EA2H         LINE#         68
  C:0EA5H         LINE#         69
  C:0EA5H         LINE#         70
  -------         ENDPROC       _USER_PWMA_SETWIDTH
  -------         PROC          _USER_PWMB_SETWIDTH
  D:0004H         SYMBOL        Width
  C:0EA6H         LINE#         77
  C:0EAAH         LINE#         78
  C:0EAAH         LINE#         79
  C:0EB3H         LINE#         80
  C:0EB3H         LINE#         81
  C:0EB6H         LINE#         82
  C:0EB8H         LINE#         83
  C:0EB9H         LINE#         84
  C:0EBDH         LINE#         85
  C:0EBDH         LINE#         86
  C:0EC0H         LINE#         87
  C:0EC2H         LINE#         88
  C:0EC3H         LINE#         90
  C:0EC3H         LINE#         91
  C:0ECBH         LINE#         92
  C:0ECEH         LINE#         93
  C:0ECEH         LINE#         94
  -------         ENDPROC       _USER_PWMB_SETWIDTH
  -------         PROC          _USER_PWMC_SETWIDTH
  D:0004H         SYMBOL        Width
  C:0ECFH         LINE#         101
  C:0ED3H         LINE#         102
  C:0ED3H         LINE#         103
  C:0EDCH         LINE#         104
  C:0EDCH         LINE#         105
  C:0EDFH         LINE#         106
  C:0EE1H         LINE#         107
  C:0EE2H         LINE#         108
  C:0EE6H         LINE#         109
BL51 BANKED LINKER/LOCATER V6.22.4.0                                                  11/11/2025  20:04:25  PAGE 6


  C:0EE6H         LINE#         110
  C:0EE9H         LINE#         111
  C:0EEBH         LINE#         112
  C:0EECH         LINE#         114
  C:0EECH         LINE#         115
  C:0EF4H         LINE#         116
  C:0EF7H         LINE#         117
  C:0EF7H         LINE#         118
  -------         ENDPROC       _USER_PWMC_SETWIDTH
  -------         PROC          _USER_PWMD_SETWIDTH
  D:0004H         SYMBOL        Width
  C:0EF8H         LINE#         125
  C:0EFCH         LINE#         126
  C:0EFCH         LINE#         127
  C:0F05H         LINE#         128
  C:0F05H         LINE#         129
  C:0F08H         LINE#         130
  C:0F0AH         LINE#         131
  C:0F0BH         LINE#         132
  C:0F0FH         LINE#         133
  C:0F0FH         LINE#         134
  C:0F12H         LINE#         135
  C:0F14H         LINE#         136
  C:0F15H         LINE#         138
  C:0F15H         LINE#         139
  C:0F1DH         LINE#         140
  C:0F20H         LINE#         141
  C:0F20H         LINE#         142
  -------         ENDPROC       _USER_PWMD_SETWIDTH
  -------         ENDMOD        USER_PWM

  -------         MODULE        USER_MATH
  C:0000H         SYMBOL        _ICE_DUMMY_
  D:0080H         PUBLIC        P0
  D:0090H         PUBLIC        P1
  D:00A0H         PUBLIC        P2
  D:00B0H         PUBLIC        P3
  D:00C0H         PUBLIC        P4
  D:00C8H         PUBLIC        P5
  D:00E8H         PUBLIC        P6
  D:00F8H         PUBLIC        P7
  D:00A8H         PUBLIC        IE
  C:0D9FH         PUBLIC        _Get_Dist
  D:00B8H         PUBLIC        IP
  D:00D8H         PUBLIC        CCON
  D:0098H         PUBLIC        SCON
  D:0088H         PUBLIC        TCON
  D:00F0H         PUBLIC        B
  D:00E0H         PUBLIC        ACC
  C:098BH         PUBLIC        _Weight_Ang
  D:00D0H         PUBLIC        PSW
  -------         PROC          _WEIGHT_ANG
  X:0000H         SYMBOL        ang1
  X:0004H         SYMBOL        ang2
  X:0008H         SYMBOL        wgh1
  -------         DO            
  X:000CH         SYMBOL        diff
BL51 BANKED LINKER/LOCATER V6.22.4.0                                                  11/11/2025  20:04:25  PAGE 7


  X:0010H         SYMBOL        res
  -------         ENDDO         
  C:098BH         LINE#         14
  C:0991H         LINE#         15
  C:0991H         LINE#         17
  C:0A02H         LINE#         19
  C:0A1EH         LINE#         20
  C:0A1EH         LINE#         21
  C:0A71H         LINE#         22
  C:0A71H         LINE#         24
  C:0AD2H         LINE#         25
  C:0B48H         LINE#         26
  -------         ENDPROC       _WEIGHT_ANG
  -------         PROC          _GET_DIST
  D:0004H         SYMBOL        x1
  X:0018H         SYMBOL        y1
  X:001CH         SYMBOL        x2
  X:0020H         SYMBOL        y2
  -------         DO            
  X:0024H         SYMBOL        dx
  D:0004H         SYMBOL        dy
  -------         ENDDO         
  C:0D9FH         LINE#         37
  C:0D9FH         LINE#         38
  C:0D9FH         LINE#         39
  C:0DBEH         LINE#         40
  C:0DDDH         LINE#         41
  -------         ENDPROC       _GET_DIST
  -------         ENDMOD        USER_MATH

  -------         MODULE        MOTOR
  C:0000H         SYMBOL        _ICE_DUMMY_
  D:0080H         PUBLIC        P0
  D:0090H         PUBLIC        P1
  D:00A0H         PUBLIC        P2
  D:00B0H         PUBLIC        P3
  D:00C0H         PUBLIC        P4
  D:00C8H         PUBLIC        P5
  D:00E8H         PUBLIC        P6
  D:00F8H         PUBLIC        P7
  X:0028H         SYMBOL        MotorSpeed
  C:0E16H         PUBLIC        Motor_Task
  C:0FDAH         PUBLIC        Motor_Init
  D:00A8H         PUBLIC        IE
  X:0038H         SYMBOL        MotorState
  D:00B8H         PUBLIC        IP
  D:00D8H         PUBLIC        CCON
  B:0080H.0       PUBLIC        P00
  D:0098H         PUBLIC        SCON
  D:0088H         PUBLIC        TCON
  C:0003H         PUBLIC        MotorGetState
  D:00F0H         PUBLIC        B
  D:00E0H         PUBLIC        ACC
  C:052AH         SYMBOL        _Motor_SpeedUpdate
  D:00D0H         PUBLIC        PSW
  -------         PROC          MOTOR_INIT
  C:0FDAH         LINE#         19
BL51 BANKED LINKER/LOCATER V6.22.4.0                                                  11/11/2025  20:04:25  PAGE 8


  C:0FDAH         LINE#         20
  C:0FDAH         LINE#         21
  -------         ENDPROC       MOTOR_INIT
  -------         PROC          _MOTOR_SPEEDUPDATE
  X:0041H         SYMBOL        ms
  -------         DO            
  X:0044H         SYMBOL        spdtmp
  -------         ENDDO         
  C:052AH         LINE#         28
  C:0535H         LINE#         29
  C:0535H         LINE#         32
  C:0586H         LINE#         33
  C:05EEH         LINE#         34
  C:0656H         LINE#         35
  C:06BEH         LINE#         37
  C:06D8H         LINE#         38
  C:06D8H         LINE#         39
  C:06DAH         LINE#         40
  C:06DCH         LINE#         41
  C:06DEH         LINE#         42
  C:06F6H         LINE#         43
  C:06F6H         LINE#         44
  C:06F8H         LINE#         45
  C:06FAH         LINE#         46
  C:06FCH         LINE#         48
  C:06FCH         LINE#         49
  C:06FEH         LINE#         50
  C:0700H         LINE#         51
  C:0700H         LINE#         52
  C:073EH         LINE#         53
  C:0766H         LINE#         55
  C:0783H         LINE#         56
  C:0783H         LINE#         57
  C:0785H         LINE#         58
  C:0787H         LINE#         59
  C:0789H         LINE#         60
  C:07A4H         LINE#         61
  C:07A4H         LINE#         62
  C:07A6H         LINE#         63
  C:07A8H         LINE#         64
  C:07AAH         LINE#         66
  C:07AAH         LINE#         67
  C:07ACH         LINE#         68
  C:07AEH         LINE#         69
  C:07AEH         LINE#         70
  C:07F5H         LINE#         71
  C:081DH         LINE#         73
  C:083AH         LINE#         74
  C:083AH         LINE#         75
  C:083CH         LINE#         76
  C:083EH         LINE#         77
  C:0840H         LINE#         78
  C:085BH         LINE#         79
  C:085BH         LINE#         80
  C:085DH         LINE#         81
  C:085FH         LINE#         82
  C:0861H         LINE#         84
BL51 BANKED LINKER/LOCATER V6.22.4.0                                                  11/11/2025  20:04:25  PAGE 9


  C:0861H         LINE#         85
  C:0863H         LINE#         86
  C:0865H         LINE#         87
  C:0865H         LINE#         88
  C:08ACH         LINE#         89
  C:08D4H         LINE#         91
  C:08F1H         LINE#         92
  C:08F1H         LINE#         93
  C:08F3H         LINE#         94
  C:08F5H         LINE#         95
  C:08F7H         LINE#         96
  C:0912H         LINE#         97
  C:0912H         LINE#         98
  C:0914H         LINE#         99
  C:0916H         LINE#         100
  C:0918H         LINE#         102
  C:0918H         LINE#         103
  C:091AH         LINE#         104
  C:091CH         LINE#         105
  C:091CH         LINE#         106
  C:0963H         LINE#         107
  -------         ENDPROC       _MOTOR_SPEEDUPDATE
  -------         PROC          MOTOR_TASK
  C:0E16H         LINE#         111
  C:0E16H         LINE#         112
  C:0E16H         LINE#         114
  C:0E1CH         LINE#         115
  C:0E1CH         LINE#         116
  C:0E1CH         LINE#         117
  C:0E1CH         LINE#         118
  C:0E26H         LINE#         119
  C:0E30H         LINE#         120
  C:0E3AH         LINE#         121
  C:0E44H         LINE#         122
  C:0E44H         LINE#         125
  C:0E44H         LINE#         126
  -------         ENDPROC       MOTOR_TASK
  -------         PROC          MOTORGETSTATE
  C:0003H         LINE#         129
  C:0003H         LINE#         130
  C:0003H         LINE#         131
  C:0008H         LINE#         132
  -------         ENDPROC       MOTORGETSTATE
  -------         ENDMOD        MOTOR

  -------         MODULE        MAIN
  C:0000H         SYMBOL        _ICE_DUMMY_
  D:0093H         PUBLIC        P0M1
  D:0092H         PUBLIC        P1M0
  D:0096H         PUBLIC        P2M0
  D:0091H         PUBLIC        P1M1
  D:0080H         PUBLIC        P0
  D:00B2H         PUBLIC        P3M0
  D:0095H         PUBLIC        P2M1
  D:0090H         PUBLIC        P1
  D:00B4H         PUBLIC        P4M0
  D:00B1H         PUBLIC        P3M1
BL51 BANKED LINKER/LOCATER V6.22.4.0                                                  11/11/2025  20:04:25  PAGE 10


  D:00A0H         PUBLIC        P2
  D:00CAH         PUBLIC        P5M0
  D:00B3H         PUBLIC        P4M1
  D:00B0H         PUBLIC        P3
  D:00CCH         PUBLIC        P6M0
  D:00C9H         PUBLIC        P5M1
  D:00C0H         PUBLIC        P4
  D:00E2H         PUBLIC        P7M0
  D:00CBH         PUBLIC        P6M1
  D:00C8H         PUBLIC        P5
  D:00E8H         PUBLIC        P6
  D:00E1H         PUBLIC        P7M1
  B:00A8H.7       PUBLIC        EA
  D:00F8H         PUBLIC        P7
  D:00BAH         PUBLIC        P_SW2
  D:00A8H         PUBLIC        IE
  D:00B8H         PUBLIC        IP
  D:00D8H         PUBLIC        CCON
  C:0FA9H         PUBLIC        main
  B:0080H.0       PUBLIC        P00
  D:0098H         PUBLIC        SCON
  D:0088H         PUBLIC        TCON
  D:00F0H         PUBLIC        B
  D:00E0H         PUBLIC        ACC
  C:0FD4H         PUBLIC        led_task
  C:0F92H         PUBLIC        _delay_ms
  C:0F7AH         PUBLIC        _delay_us
  C:0E4DH         PUBLIC        SYS_Init
  D:00D0H         PUBLIC        PSW
  D:0094H         PUBLIC        P0M0
  -------         PROC          MAIN
  C:0FA9H         LINE#         33
  C:0FA9H         LINE#         34
  C:0FA9H         LINE#         39
  C:0FACH         LINE#         45
  C:0FACH         LINE#         46
  C:0FACH         LINE#         50
  C:0FB2H         LINE#         51
  C:0FB2H         LINE#         52
  C:0FB4H         LINE#         53
  C:0FB7H         LINE#         54
  C:0FB7H         LINE#         57
  -------         ENDPROC       MAIN
  -------         PROC          SYS_INIT
  C:0E4DH         LINE#         65
  C:0E4DH         LINE#         66
  C:0E4DH         LINE#         67
  C:0E50H         LINE#         73
  C:0E55H         LINE#         74
  C:0E59H         LINE#         75
  C:0E5DH         LINE#         76
  C:0E61H         LINE#         77
  C:0E65H         LINE#         78
  C:0E69H         LINE#         79
  C:0E6DH         LINE#         80
  C:0E71H         LINE#         82
  C:0E74H         LINE#         83
BL51 BANKED LINKER/LOCATER V6.22.4.0                                                  11/11/2025  20:04:25  PAGE 11


  C:0E77H         LINE#         84
  C:0E7AH         LINE#         90
  C:0E7CH         LINE#         91
  -------         ENDPROC       SYS_INIT
  -------         PROC          _DELAY_US
  D:0006H         SYMBOL        us
  C:0F7AH         LINE#         98
  C:0F7AH         LINE#         99
  C:0F7AH         LINE#         101
  C:0F7AH         LINE#         102
  C:0F88H         LINE#         103
  C:0F91H         LINE#         104
  -------         ENDPROC       _DELAY_US
  -------         PROC          _DELAY_MS
  D:0006H         SYMBOL        ms
  -------         DO            
  D:0004H         SYMBOL        i
  -------         ENDDO         
  C:0F92H         LINE#         112
  C:0F92H         LINE#         113
  C:0F92H         LINE#         117
  C:0F92H         LINE#         118
  C:0F96H         LINE#         119
  C:0F9FH         LINE#         120
  C:0FA8H         LINE#         121
  -------         ENDPROC       _DELAY_MS
  -------         PROC          LED_TASK
  C:0FD4H         LINE#         126
  C:0FD4H         LINE#         127
  C:0FD4H         LINE#         128
  C:0FD9H         LINE#         129
  -------         ENDPROC       LED_TASK
  -------         ENDMOD        MAIN

  -------         MODULE        TIMER
  C:0000H         SYMBOL        _ICE_DUMMY_
  D:0080H         PUBLIC        P0
  D:0090H         PUBLIC        P1
  D:00A0H         PUBLIC        P2
  C:000EH         PUBLIC        TIMER0_ISR
  D:00B0H         PUBLIC        P3
  D:00C0H         PUBLIC        P4
  D:00C8H         PUBLIC        P5
  D:00E8H         PUBLIC        P6
  D:00F8H         PUBLIC        P7
  D:00A8H         PUBLIC        IE
  D:00B8H         PUBLIC        IP
  D:00D8H         PUBLIC        CCON
  C:0F61H         PUBLIC        TIMER0_Init
  C:0FB9H         PUBLIC        TIMER2_Init
  D:0098H         PUBLIC        SCON
  D:0089H         PUBLIC        TMOD
  D:0088H         PUBLIC        TCON
  D:00F0H         PUBLIC        B
  D:008EH         PUBLIC        AUXR
  D:00E0H         PUBLIC        ACC
  B:00A8H.1       PUBLIC        ET0
BL51 BANKED LINKER/LOCATER V6.22.4.0                                                  11/11/2025  20:04:25  PAGE 12


  D:008CH         PUBLIC        TH0
  D:00D6H         PUBLIC        T2H
  D:008AH         PUBLIC        TL0
  D:00D7H         PUBLIC        T2L
  B:00B8H.1       PUBLIC        PT0
  B:0088H.4       PUBLIC        TR0
  D:00D0H         PUBLIC        PSW
  -------         PROC          TIMER0_INIT
  C:0F61H         LINE#         33
  C:0F61H         LINE#         34
  C:0F61H         LINE#         37
  C:0F64H         LINE#         38
  C:0F67H         LINE#         39
  C:0F6AH         LINE#         40
  C:0F6DH         LINE#         41
  C:0F6FH         LINE#         42
  C:0F71H         LINE#         43
  C:0F77H         LINE#         44
  C:0F79H         LINE#         49
  -------         ENDPROC       TIMER0_INIT
  -------         PROC          TIMER2_INIT
  C:0FB9H         LINE#         56
  C:0FB9H         LINE#         57
  C:0FB9H         LINE#         64
  C:0FBCH         LINE#         65
  C:0FBFH         LINE#         66
  C:0FC5H         LINE#         67
  C:0FC8H         LINE#         72
  -------         ENDPROC       TIMER2_INIT
  -------         PROC          TIMER0_ISR
  C:000EH         LINE#         80
  C:0014H         LINE#         84
  C:001AH         LINE#         86
  -------         ENDPROC       TIMER0_ISR
  -------         ENDMOD        TIMER

  -------         MODULE        UART
  C:0000H         SYMBOL        _ICE_DUMMY_
  D:0080H         PUBLIC        P0
  D:0090H         PUBLIC        P1
  D:00A0H         PUBLIC        P2
  D:00B0H         PUBLIC        P3
  D:00C0H         PUBLIC        P4
  D:00C8H         PUBLIC        P5
  D:00E8H         PUBLIC        P6
  D:00F8H         PUBLIC        P7
  D:00A2H         PUBLIC        P_SW1
  D:00A8H         PUBLIC        IE
  B:00A8H.4       PUBLIC        ES
  D:00B8H         PUBLIC        IP
  B:0098H.0       PUBLIC        RI
  B:0098H.1       PUBLIC        TI
  B:00B8H.4       PUBLIC        PS
  D:00D8H         PUBLIC        CCON
  D:0098H         PUBLIC        SCON
  D:0088H         PUBLIC        TCON
  C:0FC9H         PUBLIC        UART1_ISR
BL51 BANKED LINKER/LOCATER V6.22.4.0                                                  11/11/2025  20:04:25  PAGE 13


  D:00F0H         PUBLIC        B
  D:008EH         PUBLIC        AUXR
  D:00E0H         PUBLIC        ACC
  C:0F47H         PUBLIC        UART1_Init
  B:0098H.4       PUBLIC        REN
  D:00D0H         PUBLIC        PSW
  -------         PROC          UART1_INIT
  C:0F47H         LINE#         32
  C:0F47H         LINE#         33
  C:0F47H         LINE#         34
  C:0F4FH         LINE#         36
  C:0F52H         LINE#         38
  C:0F54H         LINE#         39
  C:0F5CH         LINE#         40
  C:0F5EH         LINE#         41
  C:0F60H         LINE#         46
  -------         ENDPROC       UART1_INIT
  -------         PROC          UART1_ISR
  C:0FC9H         LINE#         54
  C:0FC9H         LINE#         58
  C:0FCCH         LINE#         59
  C:0FCCH         LINE#         60
  C:0FCEH         LINE#         61
  C:0FCEH         LINE#         63
  C:0FD1H         LINE#         64
  C:0FD1H         LINE#         65
  C:0FD3H         LINE#         66
  C:0FD3H         LINE#         68
  -------         ENDPROC       UART1_ISR
  -------         ENDMOD        UART

  -------         MODULE        ?C?FPADD
  C:002DH         PUBLIC        ?C?FPADD
  C:0029H         PUBLIC        ?C?FPSUB
  -------         ENDMOD        ?C?FPADD

  -------         MODULE        ?C?FPMUL
  C:011EH         PUBLIC        ?C?FPMUL
  -------         ENDMOD        ?C?FPMUL

  -------         MODULE        ?C?FPDIV
  C:0227H         PUBLIC        ?C?FPDIV
  -------         ENDMOD        ?C?FPDIV

  -------         MODULE        ?C?FPCMP
  C:02C6H         PUBLIC        ?C?FPCMP
  C:02C4H         PUBLIC        ?C?FPCMP3
  -------         ENDMOD        ?C?FPCMP

  -------         MODULE        ?C?FPNEG
  C:033DH         PUBLIC        ?C?FPNEG
  -------         ENDMOD        ?C?FPNEG

  -------         MODULE        ?C?CASTF
  C:034EH         PUBLIC        ?C?CASTF
  -------         ENDMOD        ?C?CASTF

BL51 BANKED LINKER/LOCATER V6.22.4.0                                                  11/11/2025  20:04:25  PAGE 14


  -------         MODULE        SQRT
  C:0B4DH         PUBLIC        _SQRT
  -------         ENDMOD        SQRT

  -------         MODULE        ?C?IILDX
  C:03CFH         PUBLIC        ?C?IILDX
  -------         ENDMOD        ?C?IILDX

  -------         MODULE        ?C?LNEG
  C:03E5H         PUBLIC        ?C?LNEG
  -------         ENDMOD        ?C?LNEG

  -------         MODULE        ?C?LLDPTR
  C:03F3H         PUBLIC        ?C?LLDPTR
  -------         ENDMOD        ?C?LLDPTR

  -------         MODULE        ?C?LLDOPTR
  C:0413H         PUBLIC        ?C?LLDOPTR
  -------         ENDMOD        ?C?LLDOPTR

  -------         MODULE        ?C?LLDXDATA
  C:0443H         PUBLIC        ?C?LLDXDATA
  -------         ENDMOD        ?C?LLDXDATA

  -------         MODULE        ?C?LSTXDATA
  C:044FH         PUBLIC        ?C?LSTXDATA
  -------         ENDMOD        ?C?LSTXDATA

  -------         MODULE        ?C?LSTKXDATA
  C:045BH         PUBLIC        ?C?LSTKXDATA
  -------         ENDMOD        ?C?LSTKXDATA

  -------         MODULE        ?C?LSTKPTR
  C:048CH         PUBLIC        ?C?LSTKPTR
  -------         ENDMOD        ?C?LSTKPTR

  -------         MODULE        ?C?LSTKOPTR
  C:04A6H         PUBLIC        ?C?LSTKOPTR
  -------         ENDMOD        ?C?LSTKOPTR

  -------         MODULE        ?C?ICALL
  C:04CAH         PUBLIC        ?C?ICALL
  C:04CEH         PUBLIC        ?C?ICALL2
  -------         ENDMOD        ?C?ICALL

  -------         MODULE        ?C?LLDIDATA
  C:04D0H         PUBLIC        ?C?LLDIDATA
  -------         ENDMOD        ?C?LLDIDATA

  -------         MODULE        ?C?LLDPDATA
  C:04DCH         PUBLIC        ?C?LLDPDATA
  -------         ENDMOD        ?C?LLDPDATA

  -------         MODULE        ?C?LLDCODE
  C:04E8H         PUBLIC        ?C?LLDCODE
  -------         ENDMOD        ?C?LLDCODE

BL51 BANKED LINKER/LOCATER V6.22.4.0                                                  11/11/2025  20:04:25  PAGE 15


  -------         MODULE        ?C?LSTKIDATA
  C:04F8H         PUBLIC        ?C?LSTKIDATA
  -------         ENDMOD        ?C?LSTKIDATA

  -------         MODULE        ?C?LSTKPDATA
  C:0511H         PUBLIC        ?C?LSTKPDATA
  -------         ENDMOD        ?C?LSTKPDATA

Program Size: data=9.0 xdata=77 code=4057
LINK/LOCATE RUN COMPLETE.  0 WARNING(S),  0 ERROR(S)
