C51 COMPILER V9.60.7.0   MOTION_CONTROL                                                    11/11/2025 23:18:54 PAGE 1   


C51 COMPILER V9.60.7.0, COMPILATION OF MODULE MOTION_CONTROL
OBJECT MODULE PLACED IN .\Objects\motion_control.obj
COMPILER INVOKED BY: D:\Keil5\C51\BIN\C51.EXE Motion\motion_control.c LARGE OPTIMIZE(8,SPEED) BROWSE INCDIR(.\Sources\in
                    -c;.\User;.\User_Driver;.\User_Lib;.\Motion) DEBUG OBJECTEXTEND PRINT(.\Listings\motion_control.lst) OBJECT(.\Objects\mot
                    -ion_control.obj)

line level    source

   1          
   2          #include "motion_control.h"
   3          
   4          


MODULE INFORMATION:   STATIC OVERLAYABLE
   CODE SIZE        =   ----    ----
   CONSTANT SIZE    =   ----    ----
   XDATA SIZE       =   ----    ----
   PDATA SIZE       =   ----    ----
   DATA SIZE        =   ----    ----
   IDATA SIZE       =   ----    ----
   BIT SIZE         =   ----    ----
END OF MODULE INFORMATION.


C51 COMPILATION COMPLETE.  0 WARNING(S),  0 ERROR(S)
