C51 COMPILER V9.60.7.0   TASK                                                              11/11/2025 20:04:23 PAGE 1   


C51 COMPILER V9.60.7.0, COMPILATION OF MODULE TASK
OBJECT MODULE PLACED IN .\Objects\task.obj
COMPILER INVOKED BY: D:\Keil5\C51\BIN\C51.EXE User\task.c LARGE OPTIMIZE(8,SPEED) BROWSE INCDIR(.\Sources\inc;.\User;.\U
                    -ser_Driver;.\User_Lib;.\Motion) DEBUG OBJECTEXTEND PRINT(.\Listings\task.lst) OBJECT(.\Objects\task.obj)

line level    source

   1          
   2          #include "task.h"
   3          
   4          void led_task(void);
   5          
   6          volatile u8 TaskExeFlag = 0;
   7          
   8          typedef struct
   9          {
  10              const u16 period;
  11              u16 count;
  12              void (*taskHook)(void);
  13          } Task_t;
  14          
  15          #define TASK_TOTAL      1
  16          
  17          Task_t Task[TASK_TOTAL] =
  18          {
  19              { 500/5, 0, led_task },
  20          };
  21          
  22          void TaskExe(void)
  23          {
  24   1          u8 i = 0;
  25   1          for (; i < TASK_TOTAL; i++)
  26   1          {
  27   2              if (++Task[i].count >= Task[i].period)
  28   2              {
  29   3                  Task[i].count = 0;
  30   3                  if (Task[i].taskHook != NULL)
  31   3                  {
  32   4                      Task[i].taskHook();
  33   4                  }
  34   3              }
  35   2          }
  36   1      }


MODULE INFORMATION:   STATIC OVERLAYABLE
   CODE SIZE        =    144    ----
   CONSTANT SIZE    =   ----    ----
   XDATA SIZE       =      8       1
   PDATA SIZE       =   ----    ----
   DATA SIZE        =   ----    ----
   IDATA SIZE       =   ----    ----
   BIT SIZE         =   ----    ----
END OF MODULE INFORMATION.


C51 COMPILATION COMPLETE.  0 WARNING(S),  0 ERROR(S)
