C51 COMPILER V9.60.7.0   TIMER                                                             11/11/2025 20:04:24 PAGE 1   


C51 COMPILER V9.60.7.0, COMPILATION OF MODULE TIMER
OBJECT MODULE PLACED IN .\Objects\timer.obj
COMPILER INVOKED BY: D:\Keil5\C51\BIN\C51.EXE Sources\timer.c LARGE OPTIMIZE(8,SPEED) BROWSE INCDIR(.\Sources\inc;.\User
                    -;.\User_Driver;.\User_Lib;.\Motion) DEBUG OBJECTEXTEND PRINT(.\Listings\timer.lst) OBJECT(.\Objects\timer.obj)

line level    source

   1          //<<AICUBE_USER_HEADER_REMARK_BEGIN>>
   2          ////////////////////////////////////////
   3          // 在此添加用户文件头说明信息  
   4          // 文件名称: timer.c
   5          // 文件描述: 
   6          // 文件版本: V1.0
   7          // 修改记录:
   8          //   1. (2025-11-10) 创建文件
   9          ////////////////////////////////////////
  10          //<<AICUBE_USER_HEADER_REMARK_END>>
  11          
  12          
  13          #include "config.h"
  14          
  15          
  16          //<<AICUBE_USER_INCLUDE_BEGIN>>
  17          // 在此添加用户头文件包含  
  18          #include "task.h"
  19          //<<AICUBE_USER_INCLUDE_END>>
  20          
  21          
  22          //<<AICUBE_USER_GLOBAL_DEFINE_BEGIN>>
  23          // 在此添加用户全局变量定义、用户宏定义以及函数声明  
  24          //<<AICUBE_USER_GLOBAL_DEFINE_END>>
  25          
  26          
  27          
  28          ////////////////////////////////////////
  29          // 定时器0初始化函数
  30          // 入口参数: 无
  31          // 函数返回: 无
  32          ////////////////////////////////////////
  33          void TIMER0_Init(void)
  34          {
  35   1      #define T0_RELOAD               (65536 - (float)SYSCLK / 12 * 5 / 1000)
  36   1      
  37   1          TIMER0_TimerMode();                 //设置定时器0为定时模式
  38   1          TIMER0_12TMode();                   //设置定时器0为12T模式
  39   1          TIMER0_Mode0();                     //设置定时器0为模式0 (16位自动重载模式)
  40   1          TIMER0_DisableGateINT0();           //禁止定时器0门控
  41   1          TIMER0_SetIntPriority(1);           //设置中断为高优先级
  42   1          TIMER0_EnableInt();                 //使能定时器0中断
  43   1          TIMER0_SetReload16(T0_RELOAD);      //设置定时器0的16位重载值
  44   1          TIMER0_Run();                       //定时器0开始运行
  45   1      
  46   1          //<<AICUBE_USER_TIMER0_INITIAL_BEGIN>>
  47   1          // 在此添加用户初始化代码  
  48   1          //<<AICUBE_USER_TIMER0_INITIAL_END>>
  49   1      }
  50          
  51          ////////////////////////////////////////
  52          // 定时器2初始化函数
  53          // 入口参数: 无
  54          // 函数返回: 无
C51 COMPILER V9.60.7.0   TIMER                                                             11/11/2025 20:04:24 PAGE 2   

  55          ////////////////////////////////////////
  56          void TIMER2_Init(void)
  57          {
  58   1      #ifdef BAUDRATE
              #undef BAUDRATE
              #endif
  61   1      #define BAUDRATE                (115200)
  62   1      #define T2_RELOAD               (65536 - (SYSCLK / BAUDRATE + 2) / 4)
  63   1      
  64   1          TIMER2_TimerMode();                 //设置定时器2为定时模式
  65   1          TIMER2_1TMode();                    //设置定时器2为1T模式
  66   1          TIMER2_SetReload16(T2_RELOAD);      //设置定时器2的16位重载值
  67   1          TIMER2_Run();                       //定时器2开始运行
  68   1      
  69   1          //<<AICUBE_USER_TIMER2_INITIAL_BEGIN>>
  70   1          // 在此添加用户初始化代码  
  71   1          //<<AICUBE_USER_TIMER2_INITIAL_END>>
  72   1      }
  73          
  74          
  75          ////////////////////////////////////////
  76          // 定时器0中断服务程序
  77          // 入口参数: 无
  78          // 函数返回: 无
  79          ////////////////////////////////////////
  80          void TIMER0_ISR(void) interrupt TMR0_VECTOR
  81          {
  82   1          //<<AICUBE_USER_TIMER0_ISR_CODE1_BEGIN>>
  83   1          // 在此添加中断函数用户代码  
  84   1          SET_TaskExeFlag();
  85   1          //<<AICUBE_USER_TIMER0_ISR_CODE1_END>>
  86   1      }
  87          
  88          
  89          //<<AICUBE_USER_FUNCTION_IMPLEMENT_BEGIN>>
  90          // 在此添加用户函数实现代码  
  91          //<<AICUBE_USER_FUNCTION_IMPLEMENT_END>>
  92          
  93          


MODULE INFORMATION:   STATIC OVERLAYABLE
   CODE SIZE        =     60    ----
   CONSTANT SIZE    =   ----    ----
   XDATA SIZE       =   ----    ----
   PDATA SIZE       =   ----    ----
   DATA SIZE        =   ----    ----
   IDATA SIZE       =   ----    ----
   BIT SIZE         =   ----    ----
END OF MODULE INFORMATION.


C51 COMPILATION COMPLETE.  0 WARNING(S),  0 ERROR(S)
