C51 COMPILER V9.60.7.0   UART                                                              11/11/2025 23:18:54 PAGE 1   


C51 COMPILER V9.60.7.0, COMPILATION OF MODULE UART
OBJECT MODULE PLACED IN .\Objects\uart.obj
COMPILER INVOKED BY: D:\Keil5\C51\BIN\C51.EXE Sources\uart.c LARGE OPTIMIZE(8,SPEED) BROWSE INCDIR(.\Sources\inc;.\User;
                    -.\User_Driver;.\User_Lib;.\Motion) DEBUG OBJECTEXTEND PRINT(.\Listings\uart.lst) OBJECT(.\Objects\uart.obj)

line level    source

   1          //<<AICUBE_USER_HEADER_REMARK_BEGIN>>
   2          ////////////////////////////////////////
   3          // 在此添加用户文件头说明信息  
   4          // 文件名称: uart.c
   5          // 文件描述: 
   6          // 文件版本: V1.0
   7          // 修改记录:
   8          //   1. (2025-11-11) 创建文件
   9          ////////////////////////////////////////
  10          //<<AICUBE_USER_HEADER_REMARK_END>>
  11          
  12          
  13          #include "config.h"
  14          
  15          
  16          //<<AICUBE_USER_INCLUDE_BEGIN>>
  17          // 在此添加用户头文件包含  
  18          #include "user_driver.h"
  19          #include "system.h"
  20          //<<AICUBE_USER_INCLUDE_END>>
  21          
  22          
  23          //<<AICUBE_USER_GLOBAL_DEFINE_BEGIN>>
  24          // 在此添加用户全局变量定义、用户宏定义以及函数声明  
  25          //<<AICUBE_USER_GLOBAL_DEFINE_END>>
  26          
  27          
  28          
  29          ////////////////////////////////////////
  30          // 串口1初始化函数
  31          // 入口参数: 无
  32          // 函数返回: 无
  33          ////////////////////////////////////////
  34          void UART1_Init(void)
  35          {
  36   1          UART1_SwitchP3637();                //设置串口数据端口: RxD (P3.6), TxD (P3.7)
  37   1      
  38   1          UART1_Timer2BRT();                  //选择定时器2作为串口1波特率发生器
  39   1      
  40   1          UART1_EnableRx();                   //使能串口1接收数据
  41   1          UART1_Mode1();                      //设置串口1为模式1 (8位数据可变波特率)
  42   1          UART1_SetIntPriority(0);            //设置中断为低优先级
  43   1          UART1_EnableInt();                  //使能串口1中断
  44   1      
  45   1          //<<AICUBE_USER_UART1_INITIAL_BEGIN>>
  46   1          // 在此添加用户初始化代码  
  47   1          //<<AICUBE_USER_UART1_INITIAL_END>>
  48   1      }
  49          
  50          
  51          ////////////////////////////////////////
  52          // 串口1中断服务程序
  53          // 入口参数: 无
  54          // 函数返回: 无
C51 COMPILER V9.60.7.0   UART                                                              11/11/2025 23:18:54 PAGE 2   

  55          ////////////////////////////////////////
  56          void UART1_ISR(void) interrupt UART1_VECTOR
  57          {
  58   1          //<<AICUBE_USER_UART1_ISR_CODE1_BEGIN>>
  59   1          // 在此添加中断函数用户代码  
  60   1          if (UART1_CheckTxFlag())            //判断串口发送中断
  61   1          {
  62   2              UART1_ClearTxFlag();            //清除串口发送中断标志
  63   2              UART_Send_ITHandler(&uart1_tx);
  64   2          }
  65   1      
  66   1          if (UART1_CheckRxFlag())            //判断串口接收中断
  67   1          {
  68   2              UART1_ClearRxFlag();            //清除串口接收中断标志
  69   2              UART_Recv_ITHandler(&uart1_rx);
  70   2          }
  71   1          //<<AICUBE_USER_UART1_ISR_CODE1_END>>
  72   1      }
  73          
  74          
  75          //<<AICUBE_USER_FUNCTION_IMPLEMENT_BEGIN>>
  76          // 在此添加用户函数实现代码  
  77          //<<AICUBE_USER_FUNCTION_IMPLEMENT_END>>
  78          
  79          


MODULE INFORMATION:   STATIC OVERLAYABLE
   CODE SIZE        =    110    ----
   CONSTANT SIZE    =   ----    ----
   XDATA SIZE       =   ----    ----
   PDATA SIZE       =   ----    ----
   DATA SIZE        =   ----    ----
   IDATA SIZE       =   ----    ----
   BIT SIZE         =   ----    ----
END OF MODULE INFORMATION.


C51 COMPILATION COMPLETE.  0 WARNING(S),  0 ERROR(S)
